13.77.204.88 - - [31/Dec/2020:00:13:35 +0100] "GET /components/com_b2jcontact/izoc.php HTTP/1.1" 404 240 "-" "python-requests/2.25.0" "-"
193.106.31.130 - - [31/Dec/2020:00:19:20 +0100] "POST /administrator/index.php HTTP/1.0" 200 4481 "-" "Mozilla/4.0 (compatible; MSIE 7.0; Windows NT 6.0)" "-"
193.106.31.130 - - [31/Dec/2020:00:19:54 +0100] "POST /administrator/index.php HTTP/1.0" 200 4481 "-" "Mozilla/4.0 (compatible; MSIE 7.0; Windows NT 6.0)" "-"
193.106.31.130 - - [31/Dec/2020:03:54:03 +0100] "POST /administrator/index.php HTTP/1.0" 200 4481 "-" "Mozilla/4.0 (compatible; MSIE 7.0; Windows NT 6.0)" "-"
193.106.31.130 - - [31/Dec/2020:07:29:07 +0100] "POST /administrator/index.php HTTP/1.0" 200 4481 "-" "Mozilla/4.0 (compatible; MSIE 7.0; Windows NT 6.0)" "-"
193.106.31.130 - - [31/Dec/2020:07:29:28 +0100] "POST /administrator/index.php HTTP/1.0" 200 4481 "-" "Mozilla/4.0 (compatible; MSIE 7.0; Windows NT 6.0)" "-"
168.91.80.149 - - [31/Dec/2020:08:13:19 +0100] "GET /index.php?option=com_easyblog&view=dashboard&layout=write HTTP/1.1" 404 1397 "http://www.almhuette-raith.at" "Mozilla/5.0 (Macintosh; Intel Mac OS X 10_13_5) AppleWebKit/537.36 (KHTML, like Gecko) Chrome/67.0.3396.62 Safari/537.36" "-"
193.106.31.130 - - [31/Dec/2020:11:00:34 +0100] "POST /administrator/index.php HTTP/1.0" 200 4481 "-" "Mozilla/4.0 (compatible; MSIE 7.0; Windows NT 6.0)" "-"
193.106.31.130 - - [31/Dec/2020:11:00:43 +0100] "POST /administrator/index.php HTTP/1.0" 200 4481 "-" "Mozilla/4.0 (compatible; MSIE 7.0; Windows NT 6.0)" "-"
193.106.31.130 - - [31/Dec/2020:11:00:54 +0100] "POST /administrator/index.php HTTP/1.0" 200 4481 "-" "Mozilla/4.0 (compatible; MSIE 7.0; Windows NT 6.0)" "-"
40.77.190.182 - - [31/Dec/2020:12:10:51 +0100] "GET /modules/mod_bowslideshow/tmpl/css/bowslideshow.css HTTP/1.1" 200 1725 "http://www.almhuette-raith.at/" "Mozilla/5.0 (Windows NT 6.1; WOW64) AppleWebKit/534+ (KHTML, like Gecko) BingPreview/1.0b" "-"
193.106.31.130 - - [31/Dec/2020:14:34:55 +0100] "POST /administrator/index.php HTTP/1.0" 200 4481 "-" "Mozilla/4.0 (compatible; MSIE 7.0; Windows NT 6.0)" "-"
193.106.31.130 - - [31/Dec/2020:14:35:03 +0100] "POST /administrator/index.php HTTP/1.0" 200 4481 "-" "Mozilla/4.0 (compatible; MSIE 7.0; Windows NT 6.0)" "-"
193.106.31.130 - - [31/Dec/2020:14:35:13 +0100] "POST /administrator/index.php HTTP/1.0" 200 4481 "-" "Mozilla/4.0 (compatible; MSIE 7.0; Windows NT 6.0)" "-"
193.106.31.130 - - [31/Dec/2020:18:12:26 +0100] "POST /administrator/index.php HTTP/1.0" 200 4481 "-" "Mozilla/4.0 (compatible; MSIE 7.0; Windows NT 6.0)" "-"
193.106.31.130 - - [31/Dec/2020:18:12:30 +0100] "POST /administrator/index.php HTTP/1.0" 200 4481 "-" "Mozilla/4.0 (compatible; MSIE 7.0; Windows NT 6.0)" "-"
193.106.31.130 - - [31/Dec/2020:21:51:42 +0100] "POST /administrator/index.php HTTP/1.0" 200 4481 "-" "Mozilla/4.0 (compatible; MSIE 7.0; Windows NT 6.0)" "-"
193.106.31.130 - - [01/Jan/2021:01:28:24 +0100] "POST /administrator/index.php HTTP/1.0" 200 4481 "-" "Mozilla/4.0 (compatible; MSIE 7.0; Windows NT 6.0)" "-"
193.106.31.130 - - [01/Jan/2021:01:28:37 +0100] "POST /administrator/index.php HTTP/1.0" 200 4481 "-" "Mozilla/4.0 (compatible; MSIE 7.0; Windows NT 6.0)" "-"
3.64.53.164 - - [01/Jan/2021:04:33:36 +0100] "GET /templates/jp_hotel/css/suckerfish.css HTTP/1.1" 200 3465 "http://www.almhuette-raith.at/" "Mozilla/5.0 (Linux; Android 7.0; Moto G (4)) AppleWebKit/537.36 (KHTML, like Gecko) Chrome/84.0.4143.7 Mobile Safari/537.36 Chrome-Lighthouse" "-"
3.64.53.164 - - [01/Jan/2021:04:33:36 +0100] "GET /images/stories/raith/grillplatz.jpg HTTP/1.1" 200 55303 "http://www.almhuette-raith.at/" "Mozilla/5.0 (Linux; Android 7.0; Moto G (4)) AppleWebKit/537.36 (KHTML, like Gecko) Chrome/84.0.4143.7 Mobile Safari/537.36 Chrome-Lighthouse" "-"
193.106.31.130 - - [01/Jan/2021:05:02:03 +0100] "POST /administrator/index.php HTTP/1.0" 200 4481 "-" "Mozilla/4.0 (compatible; MSIE 7.0; Windows NT 6.0)" "-"
193.106.31.130 - - [01/Jan/2021:05:02:10 +0100] "POST /administrator/index.php HTTP/1.0" 200 4481 "-" "Mozilla/4.0 (compatible; MSIE 7.0; Windows NT 6.0)" "-"
193.106.31.130 - - [01/Jan/2021:05:02:13 +0100] "POST /administrator/index.php HTTP/1.0" 200 4481 "-" "Mozilla/4.0 (compatible; MSIE 7.0; Windows NT 6.0)" "-"
193.106.31.130 - - [01/Jan/2021:08:36:47 +0100] "POST /administrator/index.php HTTP/1.0" 200 4481 "-" "Mozilla/4.0 (compatible; MSIE 7.0; Windows NT 6.0)" "-"
193.106.31.130 - - [01/Jan/2021:08:36:52 +0100] "POST /administrator/index.php HTTP/1.0" 200 4481 "-" "Mozilla/4.0 (compatible; MSIE 7.0; Windows NT 6.0)" "-"
193.106.31.130 - - [01/Jan/2021:08:37:12 +0100] "POST /administrator/index.php HTTP/1.0" 200 4481 "-" "Mozilla/4.0 (compatible; MSIE 7.0; Windows NT 6.0)" "-"
193.106.31.130 - - [01/Jan/2021:12:11:01 +0100] "POST /administrator/index.php HTTP/1.0" 200 4481 "-" "Mozilla/4.0 (compatible; MSIE 7.0; Windows NT 6.0)" "-"
193.106.31.130 - - [01/Jan/2021:12:11:06 +0100] "POST /administrator/index.php HTTP/1.0" 200 4481 "-" "Mozilla/4.0 (compatible; MSIE 7.0; Windows NT 6.0)" "-"
193.106.31.130 - - [01/Jan/2021:12:11:09 +0100] "POST /administrator/index.php HTTP/1.0" 200 4481 "-" "Mozilla/4.0 (compatible; MSIE 7.0; Windows NT 6.0)" "-"
185.107.95.213 - - [01/Jan/2021:14:47:57 +0100] "POST /administrator/index.php HTTP/1.0" 200 4481 "-" "Mozilla/5.0 (Windows NT 6.1) AppleWebKit/537.36 (KHTML, like Gecko) Chrome/45.0.2454.85 Safari/537.36 OPR/32.0.1948.45" "-"
193.106.31.130 - - [01/Jan/2021:15:49:23 +0100] "POST /administrator/index.php HTTP/1.0" 200 4481 "-" "Mozilla/4.0 (compatible; MSIE 7.0; Windows NT 6.0)" "-"
193.106.31.130 - - [01/Jan/2021:15:49:30 +0100] "POST /administrator/index.php HTTP/1.0" 200 4481 "-" "Mozilla/4.0 (compatible; MSIE 7.0; Windows NT 6.0)" "-"
193.106.31.130 - - [01/Jan/2021:15:49:34 +0100] "POST /administrator/index.php HTTP/1.0" 200 4481 "-" "Mozilla/4.0 (compatible; MSIE 7.0; Windows NT 6.0)" "-"
193.106.31.130 - - [01/Jan/2021:15:49:48 +0100] "POST /administrator/index.php HTTP/1.0" 200 4481 "-" "Mozilla/4.0 (compatible; MSIE 7.0; Windows NT 6.0)" "-"
193.106.31.130 - - [01/Jan/2021:23:04:11 +0100] "POST /administrator/index.php HTTP/1.0" 200 4481 "-" "Mozilla/4.0 (compatible; MSIE 7.0; Windows NT 6.0)" "-"
128.199.145.96 - - [02/Jan/2021:00:51:30 +0100] "POST / HTTP/1.1" 200 10439 "-" "Mozilla/5.0 (X11; Linux x86_64) AppleWebKit/537.36 (KHTML, like Gecko) Chrome/81.0.4044.129 Safari/537.36" "-"
193.106.31.130 - - [02/Jan/2021:02:36:52 +0100] "POST /administrator/index.php HTTP/1.0" 200 4481 "-" "Mozilla/4.0 (compatible; MSIE 7.0; Windows NT 6.0)" "-"
193.106.31.130 - - [02/Jan/2021:02:37:10 +0100] "POST /administrator/index.php HTTP/1.0" 200 4481 "-" "Mozilla/4.0 (compatible; MSIE 7.0; Windows NT 6.0)" "-"
193.106.31.130 - - [02/Jan/2021:02:37:16 +0100] "POST /administrator/index.php HTTP/1.0" 200 4481 "-" "Mozilla/4.0 (compatible; MSIE 7.0; Windows NT 6.0)" "-"
193.106.31.130 - - [02/Jan/2021:02:37:27 +0100] "POST /administrator/index.php HTTP/1.0" 200 4481 "-" "Mozilla/4.0 (compatible; MSIE 7.0; Windows NT 6.0)" "-"
62.210.78.76 - - [02/Jan/2021:03:36:45 +0100] "GET /index.php?option=com_content&view=article&id=50&Itemid=56 HTTP/1.1" 200 7991 "-" "Mozilla/5.0 (compatible; Barkrowler/0.9; +https://babbar.tech/crawler)" "-"
193.106.31.130 - - [02/Jan/2021:06:12:57 +0100] "POST /administrator/index.php HTTP/1.0" 200 4481 "-" "Mozilla/4.0 (compatible; MSIE 7.0; Windows NT 6.0)" "-"
62.28.204.42 - - [02/Jan/2021:07:59:09 +0100] "GET /templates/jp_hotel/css/layout.css HTTP/1.1" 200 1801 "http://www.almhuette-raith.at/" "Mozilla/5.0 (X11; Linux x86_64; rv:78.0) Gecko/20100101 Firefox/78.0" "-"
193.106.31.130 - - [02/Jan/2021:09:46:13 +0100] "POST /administrator/index.php HTTP/1.0" 200 4481 "-" "Mozilla/4.0 (compatible; MSIE 7.0; Windows NT 6.0)" "-"
193.106.31.130 - - [02/Jan/2021:09:46:16 +0100] "POST /administrator/index.php HTTP/1.0" 200 4481 "-" "Mozilla/4.0 (compatible; MSIE 7.0; Windows NT 6.0)" "-"
193.106.31.130 - - [02/Jan/2021:09:46:19 +0100] "POST /administrator/index.php HTTP/1.0" 200 4481 "-" "Mozilla/4.0 (compatible; MSIE 7.0; Windows NT 6.0)" "-"
199.231.85.194 - - [02/Jan/2021:12:00:20 +0100] "GET /templates/jp_hotel/css/template.css HTTP/1.1" 200 10004 "http://www.almhuette-raith.at/apache-log/access.log" "Mozilla/5.0 (Macintosh; Intel Mac OS X 10_13_5) AppleWebKit/537.36 (KHTML, like Gecko) Chrome/67.0.3396.79 Safari/537.36" "-"
193.106.31.130 - - [02/Jan/2021:13:19:24 +0100] "POST /administrator/index.php HTTP/1.0" 200 4481 "-" "Mozilla/4.0 (compatible; MSIE 7.0; Windows NT 6.0)" "-"
193.106.31.130 - - [02/Jan/2021:13:19:44 +0100] "POST /administrator/index.php HTTP/1.0" 200 4481 "-" "Mozilla/4.0 (compatible; MSIE 7.0; Windows NT 6.0)" "-"
193.106.31.130 - - [02/Jan/2021:13:19:45 +0100] "POST /administrator/index.php HTTP/1.0" 200 4481 "-" "Mozilla/4.0 (compatible; MSIE 7.0; Windows NT 6.0)" "-"
193.106.31.130 - - [02/Jan/2021:13:19:48 +0100] "POST /administrator/index.php HTTP/1.0" 200 4481 "-" "Mozilla/4.0 (compatible; MSIE 7.0; Windows NT 6.0)" "-"
193.106.31.130 - - [02/Jan/2021:16:57:21 +0100] "POST /administrator/index.php HTTP/1.0" 200 4481 "-" "Mozilla/4.0 (compatible; MSIE 7.0; Windows NT 6.0)" "-"
195.246.120.118 - - [02/Jan/2021:19:04:31 +0100] "GET /templates/jp_hotel/css/menu.css HTTP/1.1" 200 1457 "http://www.almhuette-raith.at/" "Mozilla/5.0 (Windows NT 10.0; Win64; x64; rv:84.0) Gecko/20100101 Firefox/84.0" "-"
193.106.31.130 - - [02/Jan/2021:20:33:09 +0100] "POST /administrator/index.php HTTP/1.0" 200 4481 "-" "Mozilla/4.0 (compatible; MSIE 7.0; Windows NT 6.0)" "-"
193.106.31.130 - - [02/Jan/2021:20:33:12 +0100] "POST /administrator/index.php HTTP/1.0" 200 4481 "-" "Mozilla/4.0 (compatible; MSIE 7.0; Windows NT 6.0)" "-"
193.106.31.130 - - [02/Jan/2021:20:33:35 +0100] "POST /administrator/index.php HTTP/1.0" 200 4481 "-" "Mozilla/4.0 (compatible; MSIE 7.0; Windows NT 6.0)" "-"
193.106.31.130 - - [02/Jan/2021:20:33:38 +0100] "POST /administrator/index.php HTTP/1.0" 200 4481 "-" "Mozilla/4.0 (compatible; MSIE 7.0; Windows NT 6.0)" "-"
193.106.31.130 - - [02/Jan/2021:20:33:38 +0100] "POST /administrator/index.php HTTP/1.0" 200 4481 "-" "Mozilla/4.0 (compatible; MSIE 7.0; Windows NT 6.0)" "-"
193.106.31.130 - - [03/Jan/2021:00:08:48 +0100] "POST /administrator/index.php HTTP/1.0" 200 4481 "-" "Mozilla/4.0 (compatible; MSIE 7.0; Windows NT 6.0)" "-"
193.106.31.130 - - [03/Jan/2021:00:08:50 +0100] "POST /administrator/index.php HTTP/1.0" 200 4481 "-" "Mozilla/4.0 (compatible; MSIE 7.0; Windows NT 6.0)" "-"
193.106.31.130 - - [03/Jan/2021:00:09:08 +0100] "POST /administrator/index.php HTTP/1.0" 200 4481 "-" "Mozilla/4.0 (compatible; MSIE 7.0; Windows NT 6.0)" "-"
54.36.148.138 - - [03/Jan/2021:01:20:43 +0100] "GET /robots.txt HTTP/1.1" 200 304 "-" "Mozilla/5.0 (compatible; AhrefsBot/7.0; +http://ahrefs.com/robot/)" "-"
193.106.31.130 - - [03/Jan/2021:03:43:00 +0100] "POST /administrator/index.php HTTP/1.0" 200 4481 "-" "Mozilla/4.0 (compatible; MSIE 7.0; Windows NT 6.0)" "-"
193.106.31.130 - - [03/Jan/2021:03:43:07 +0100] "POST /administrator/index.php HTTP/1.0" 200 4481 "-" "Mozilla/4.0 (compatible; MSIE 7.0; Windows NT 6.0)" "-"
193.106.31.130 - - [03/Jan/2021:03:43:22 +0100] "POST /administrator/index.php HTTP/1.0" 200 4481 "-" "Mozilla/4.0 (compatible; MSIE 7.0; Windows NT 6.0)" "-"
193.106.31.130 - - [03/Jan/2021:03:43:24 +0100] "POST /administrator/index.php HTTP/1.0" 200 4481 "-" "Mozilla/4.0 (compatible; MSIE 7.0; Windows NT 6.0)" "-"
193.106.31.130 - - [03/Jan/2021:03:43:37 +0100] "POST /administrator/index.php HTTP/1.0" 200 4481 "-" "Mozilla/4.0 (compatible; MSIE 7.0; Windows NT 6.0)" "-"
193.106.31.130 - - [03/Jan/2021:07:19:33 +0100] "POST /administrator/index.php HTTP/1.0" 200 4481 "-" "Mozilla/4.0 (compatible; MSIE 7.0; Windows NT 6.0)" "-"
193.106.31.130 - - [03/Jan/2021:07:19:38 +0100] "POST /administrator/index.php HTTP/1.0" 200 4481 "-" "Mozilla/4.0 (compatible; MSIE 7.0; Windows NT 6.0)" "-"
66.249.93.56 - - [03/Jan/2021:10:41:37 +0100] "GET /images/stories/slideshow/almhuette_raith_07.jpg HTTP/1.1" 200 94861 "http://almhuette-raith.at/" "Mozilla/5.0 (Macintosh; Intel Mac OS X 10_14_6) AppleWebKit/537.36 (KHTML, like Gecko) Chrome/84.0.4143.7 Safari/537.36 Chrome-Lighthouse" "-"
193.106.31.130 - - [03/Jan/2021:10:55:17 +0100] "POST /administrator/index.php HTTP/1.0" 200 4481 "-" "Mozilla/4.0 (compatible; MSIE 7.0; Windows NT 6.0)" "-"
193.106.31.130 - - [03/Jan/2021:10:55:39 +0100] "POST /administrator/index.php HTTP/1.0" 200 4481 "-" "Mozilla/4.0 (compatible; MSIE 7.0; Windows NT 6.0)" "-"
193.83.238.138 - - [03/Jan/2021:13:46:55 +0100] "GET /images/phocagallery/almhuette/thumbs/phoca_thumb_m_almhuette_raith_015.jpg HTTP/1.1" 200 4197 "http://www.almhuette-raith.at/index.php?option=com_phocagallery&view=category&id=1&Itemid=53&limitstart=20" "Mozilla/5.0 (Windows NT 10.0; Win64; x64) AppleWebKit/537.36 (KHTML, like Gecko) Chrome/87.0.4280.88 Safari/537.36 Edg/87.0.664.66" "-"
193.106.31.130 - - [03/Jan/2021:14:28:36 +0100] "POST /administrator/index.php HTTP/1.0" 200 4481 "-" "Mozilla/4.0 (compatible; MSIE 7.0; Windows NT 6.0)" "-"
193.106.31.130 - - [03/Jan/2021:14:28:37 +0100] "POST /administrator/index.php HTTP/1.0" 200 4481 "-" "Mozilla/4.0 (compatible; MSIE 7.0; Windows NT 6.0)" "-"
193.106.31.130 - - [03/Jan/2021:14:28:39 +0100] "POST /administrator/index.php HTTP/1.0" 200 4481 "-" "Mozilla/4.0 (compatible; MSIE 7.0; Windows NT 6.0)" "-"
193.106.31.130 - - [03/Jan/2021:14:28:50 +0100] "POST /administrator/index.php HTTP/1.0" 200 4481 "-" "Mozilla/4.0 (compatible; MSIE 7.0; Windows NT 6.0)" "-"
193.106.31.130 - - [03/Jan/2021:18:05:16 +0100] "POST /administrator/index.php HTTP/1.0" 200 4481 "-" "Mozilla/4.0 (compatible; MSIE 7.0; Windows NT 6.0)" "-"
193.106.31.130 - - [03/Jan/2021:18:05:24 +0100] "POST /administrator/index.php HTTP/1.0" 200 4481 "-" "Mozilla/4.0 (compatible; MSIE 7.0; Windows NT 6.0)" "-"
193.106.31.130 - - [03/Jan/2021:18:05:27 +0100] "POST /administrator/index.php HTTP/1.0" 200 4481 "-" "Mozilla/4.0 (compatible; MSIE 7.0; Windows NT 6.0)" "-"
193.106.31.130 - - [03/Jan/2021:18:05:33 +0100] "POST /administrator/index.php HTTP/1.0" 200 4481 "-" "Mozilla/4.0 (compatible; MSIE 7.0; Windows NT 6.0)" "-"
197.31.210.161 - - [03/Jan/2021:18:14:46 +0100] "GET /modules/mod_bowslideshow/tmpl/js/sliderman.1.3.0.js HTTP/1.1" 200 33472 "http://www.almhuette-raith.at/" "Mozilla/5.0 (Windows NT 10.0; Win64; x64) AppleWebKit/537.36 (KHTML, like Gecko) Chrome/87.0.4280.88 Safari/537.36" "-"
13.66.139.64 - - [03/Jan/2021:19:17:34 +0100] "GET /apache-log/access.log HTTP/1.1" 200 10619136 "-" "Mozilla/5.0 (compatible; bingbot/2.0; +http://www.bing.com/bingbot.htm)" "-"
89.144.193.159 - - [03/Jan/2021:20:17:34 +0100] "GET /images/phocagallery/almhuette/thumbs/phoca_thumb_m_zimmer.jpg HTTP/1.1" 200 4320 "http://www.almhuette-raith.at/index.php?option=com_phocagallery&view=category&id=1&Itemid=53" "Mozilla/5.0 (iPhone; CPU iPhone OS 14_2 like Mac OS X) AppleWebKit/605.1.15 (KHTML, like Gecko) Version/14.0.1 Mobile/15E148 Safari/604.1" "-"
193.106.31.130 - - [03/Jan/2021:21:44:06 +0100] "POST /administrator/index.php HTTP/1.0" 200 4481 "-" "Mozilla/4.0 (compatible; MSIE 7.0; Windows NT 6.0)" "-"
51.15.251.17 - - [03/Jan/2021:22:05:20 +0100] "GET /templates/jp_hotel/js/moomenu.js HTTP/1.1" 200 4890 "http://almhuette-raith.at/" "Mozilla/5.0 (X11; Linux x86_64) AppleWebKit/537.36 (KHTML, like Gecko) HeadlessChrome/80.0.3987.0 Safari/537.36" "-"
193.106.31.130 - - [04/Jan/2021:01:14:33 +0100] "POST /administrator/index.php HTTP/1.0" 200 4481 "-" "Mozilla/4.0 (compatible; MSIE 7.0; Windows NT 6.0)" "-"
193.106.31.130 - - [04/Jan/2021:01:14:42 +0100] "POST /administrator/index.php HTTP/1.0" 200 4481 "-" "Mozilla/4.0 (compatible; MSIE 7.0; Windows NT 6.0)" "-"
193.106.31.130 - - [04/Jan/2021:04:51:22 +0100] "POST /administrator/index.php HTTP/1.0" 200 4481 "-" "Mozilla/4.0 (compatible; MSIE 7.0; Windows NT 6.0)" "-"
193.106.31.130 - - [04/Jan/2021:04:51:25 +0100] "POST /administrator/index.php HTTP/1.0" 200 4481 "-" "Mozilla/4.0 (compatible; MSIE 7.0; Windows NT 6.0)" "-"
193.106.31.130 - - [04/Jan/2021:08:24:53 +0100] "POST /administrator/index.php HTTP/1.0" 200 4481 "-" "Mozilla/4.0 (compatible; MSIE 7.0; Windows NT 6.0)" "-"
193.106.31.130 - - [04/Jan/2021:08:25:01 +0100] "POST /administrator/index.php HTTP/1.0" 200 4481 "-" "Mozilla/4.0 (compatible; MSIE 7.0; Windows NT 6.0)" "-"
193.106.31.130 - - [04/Jan/2021:08:25:19 +0100] "POST /administrator/index.php HTTP/1.0" 200 4481 "-" "Mozilla/4.0 (compatible; MSIE 7.0; Windows NT 6.0)" "-"
193.106.31.130 - - [04/Jan/2021:08:25:20 +0100] "POST /administrator/index.php HTTP/1.0" 200 4481 "-" "Mozilla/4.0 (compatible; MSIE 7.0; Windows NT 6.0)" "-"
81.217.128.123 - - [04/Jan/2021:08:58:20 +0100] "GET /templates/jp_hotel/css/layout.css HTTP/1.1" 200 1801 "http://www.almhuette-raith.at/" "Mozilla/5.0 (Linux; Android 10; SAMSUNG SM-G960F) AppleWebKit/537.36 (KHTML, like Gecko) SamsungBrowser/13.0 Chrome/83.0.4103.106 Mobile Safari/537.36" "-"
193.106.31.130 - - [04/Jan/2021:11:57:58 +0100] "POST /administrator/index.php HTTP/1.0" 200 4481 "-" "Mozilla/4.0 (compatible; MSIE 7.0; Windows NT 6.0)" "-"
197.185.105.210 - - [04/Jan/2021:12:14:20 +0100] "GET /templates/jp_hotel/js/moomenu.js HTTP/1.1" 200 4890 "http://www.almhuette-raith.at/" "Mozilla/5.0 (Windows NT 10.0; Win64; x64; rv:84.0) Gecko/20100101 Firefox/84.0" "-"
42.236.102.209 - - [04/Jan/2021:13:43:11 +0100] "GET / HTTP/1.1" 200 10479 "http://www.almhuette-raith.at/" "Mozilla/5.0 (Windows NT 6.1; WOW64) AppleWebKit/537.36 (KHTML, like Gecko) Chrome/50.0.2661.102 Safari/537.36; 360Spider" "-"
193.106.30.100 - - [04/Jan/2021:13:46:28 +0100] "POST /wp-main.php HTTP/1.1" 404 217 "-" "Mozilla/5.0 (Windows NT 10.0; Win64; x64) AppleWebKit/537.36 (KHTML, like Gecko) Chrome/74.0.3729.169 Safari/537.36" "-"
193.106.31.130 - - [04/Jan/2021:15:30:35 +0100] "POST /administrator/index.php HTTP/1.0" 200 4481 "-" "Mozilla/4.0 (compatible; MSIE 7.0; Windows NT 6.0)" "-"
193.106.31.130 - - [04/Jan/2021:15:30:36 +0100] "POST /administrator/index.php HTTP/1.0" 200 4481 "-" "Mozilla/4.0 (compatible; MSIE 7.0; Windows NT 6.0)" "-"
193.106.31.130 - - [04/Jan/2021:15:30:47 +0100] "POST /administrator/index.php HTTP/1.0" 200 4481 "-" "Mozilla/4.0 (compatible; MSIE 7.0; Windows NT 6.0)" "-"
62.210.207.209 - - [04/Jan/2021:15:57:08 +0100] "GET /apache-log/access.log HTTP/1.0" 200 5703000 "http://www.almhuette-raith.at/apache-log/access.log" "Mozilla/5.0 (Windows NT 10.0; Win64; x64) AppleWebKit/537.36 (KHTML, like Gecko) Chrome/83.0.4096.0 Safari/537.36" "-"
178.150.47.62 - - [04/Jan/2021:16:21:18 +0100] "GET /apache-log/access.log HTTP/1.0" 200 5565828 "http://www.almhuette-raith.at/apache-log/access.log" "Mozilla/5.0 (Windows NT 6.1; Win64; x64) AppleWebKit/537.36 (KHTML, like Gecko) Chrome/83.0.4103.61 Safari/537.36 Edg/83.0.478.37" "-"
34.239.155.180 - - [04/Jan/2021:17:31:49 +0100] "GET / HTTP/1.1" 200 10439 "-" "Mozilla/5.0 (Macintosh; Intel Mac OS X 10_15_0) AppleWebKit/537.36 (KHTML, like Gecko) Chrome/78.0.3904.87 Safari/537.36" "-"
209.17.40.39 - - [04/Jan/2021:17:50:53 +0100] "GET /images/stories/slideshow/almhuette_raith_01.jpg HTTP/1.1" 200 88161 "http://www.almhuette-raith.at/" "Mozilla/5.0 (Macintosh; Intel Mac OS X 10_15_7) AppleWebKit/605.1.15 (KHTML, like Gecko) Version/14.0.2 Safari/605.1.15" "-"
193.106.31.130 - - [04/Jan/2021:19:04:09 +0100] "POST /administrator/index.php HTTP/1.0" 200 4481 "-" "Mozilla/4.0 (compatible; MSIE 7.0; Windows NT 6.0)" "-"
193.106.31.130 - - [04/Jan/2021:19:04:16 +0100] "POST /administrator/index.php HTTP/1.0" 200 4481 "-" "Mozilla/4.0 (compatible; MSIE 7.0; Windows NT 6.0)" "-"
193.106.31.130 - - [04/Jan/2021:19:04:18 +0100] "POST /administrator/index.php HTTP/1.0" 200 4481 "-" "Mozilla/4.0 (compatible; MSIE 7.0; Windows NT 6.0)" "-"
193.106.31.130 - - [04/Jan/2021:19:04:31 +0100] "POST /administrator/index.php HTTP/1.0" 200 4481 "-" "Mozilla/4.0 (compatible; MSIE 7.0; Windows NT 6.0)" "-"
193.106.31.130 - - [04/Jan/2021:22:40:34 +0100] "POST /administrator/index.php HTTP/1.0" 200 4481 "-" "Mozilla/4.0 (compatible; MSIE 7.0; Windows NT 6.0)" "-"
193.106.31.130 - - [04/Jan/2021:22:40:58 +0100] "POST /administrator/index.php HTTP/1.0" 200 4481 "-" "Mozilla/4.0 (compatible; MSIE 7.0; Windows NT 6.0)" "-"
193.106.31.130 - - [05/Jan/2021:02:11:15 +0100] "GET /administrator/index.php HTTP/1.0" 200 4250 "-" "Mozilla/4.0 (compatible; MSIE 7.0; Windows NT 6.0)" "-"
193.106.31.130 - - [05/Jan/2021:05:51:04 +0100] "POST /administrator/index.php HTTP/1.0" 200 4481 "-" "Mozilla/4.0 (compatible; MSIE 7.0; Windows NT 6.0)" "-"
193.106.31.130 - - [05/Jan/2021:05:51:10 +0100] "POST /administrator/index.php HTTP/1.0" 200 4481 "-" "Mozilla/4.0 (compatible; MSIE 7.0; Windows NT 6.0)" "-"
193.106.31.130 - - [05/Jan/2021:05:51:24 +0100] "POST /administrator/index.php HTTP/1.0" 200 4481 "-" "Mozilla/4.0 (compatible; MSIE 7.0; Windows NT 6.0)" "-"
193.106.31.130 - - [05/Jan/2021:05:51:25 +0100] "POST /administrator/index.php HTTP/1.0" 200 4481 "-" "Mozilla/4.0 (compatible; MSIE 7.0; Windows NT 6.0)" "-"
193.106.31.130 - - [05/Jan/2021:05:51:35 +0100] "POST /administrator/index.php HTTP/1.0" 200 4481 "-" "Mozilla/4.0 (compatible; MSIE 7.0; Windows NT 6.0)" "-"
193.106.31.130 - - [05/Jan/2021:09:23:17 +0100] "POST /administrator/index.php HTTP/1.0" 200 4481 "-" "Mozilla/4.0 (compatible; MSIE 7.0; Windows NT 6.0)" "-"
23.229.75.24 - - [05/Jan/2021:09:32:20 +0100] "GET / HTTP/1.1" 200 10479 "-" "Mozilla/5.0 (Windows NT 10.0; Win64; x64) AppleWebKit/537.36 (KHTML, like Gecko) Chrome/71.0.3578.98 Safari/537.36" "-"
193.106.31.130 - - [05/Jan/2021:16:27:57 +0100] "POST /administrator/index.php HTTP/1.0" 200 4481 "-" "Mozilla/4.0 (compatible; MSIE 7.0; Windows NT 6.0)" "-"
193.106.31.130 - - [05/Jan/2021:16:28:11 +0100] "POST /administrator/index.php HTTP/1.0" 200 4481 "-" "Mozilla/4.0 (compatible; MSIE 7.0; Windows NT 6.0)" "-"
193.106.31.130 - - [05/Jan/2021:16:28:12 +0100] "POST /administrator/index.php HTTP/1.0" 200 4481 "-" "Mozilla/4.0 (compatible; MSIE 7.0; Windows NT 6.0)" "-"
193.106.31.130 - - [05/Jan/2021:16:28:15 +0100] "POST /administrator/index.php HTTP/1.0" 200 4481 "-" "Mozilla/4.0 (compatible; MSIE 7.0; Windows NT 6.0)" "-"
193.106.31.130 - - [05/Jan/2021:16:28:20 +0100] "POST /administrator/index.php HTTP/1.0" 200 4481 "-" "Mozilla/4.0 (compatible; MSIE 7.0; Windows NT 6.0)" "-"
193.106.31.130 - - [05/Jan/2021:20:06:07 +0100] "POST /administrator/index.php HTTP/1.0" 200 4481 "-" "Mozilla/4.0 (compatible; MSIE 7.0; Windows NT 6.0)" "-"
193.106.31.130 - - [05/Jan/2021:20:06:08 +0100] "POST /administrator/index.php HTTP/1.0" 200 4481 "-" "Mozilla/4.0 (compatible; MSIE 7.0; Windows NT 6.0)" "-"
128.199.15.142 - - [05/Jan/2021:20:42:29 +0100] "GET /wp/wp-includes/wlwmanifest.xml HTTP/1.1" 404 236 "-" "Mozilla/5.0 (Windows NT 10.0; Win64; x64) AppleWebKit/537.36 (KHTML, like Gecko) Chrome/79.0 Safari/537.36" "-"
104.198.44.83 - - [05/Jan/2021:23:18:29 +0100] "GET /apache-log/access.log HTTP/1.1" 200 12299113 "-" "python-requests/2.23.0" "-"
193.106.31.130 - - [05/Jan/2021:23:38:42 +0100] "POST /administrator/index.php HTTP/1.0" 200 4481 "-" "Mozilla/4.0 (compatible; MSIE 7.0; Windows NT 6.0)" "-"
193.106.31.130 - - [05/Jan/2021:23:38:44 +0100] "POST /administrator/index.php HTTP/1.0" 200 4481 "-" "Mozilla/4.0 (compatible; MSIE 7.0; Windows NT 6.0)" "-"
51.210.243.185 - - [06/Jan/2021:00:55:40 +0100] "GET /images/phocagallery/almhuette/thumbs/phoca_thumb_m_almhuette_raith_009.jpg HTTP/1.1" 200 4264 "http://www.almhuette-raith.at/index.php?Itemid=53&id=1&option=com_phocagallery&view=category" "Mozilla/5.0 (Windows NT 10.0; Win64; x64; rv:82.0) Gecko/20100101 Firefox/82.0" "-"
101.127.242.221 - - [06/Jan/2021:05:06:37 +0100] "GET /apache-log/access.log HTTP/1.1" 200 12465972 "-" "Mozilla/5.0 (Windows NT 10.0; Win64; x64) AppleWebKit/537.36 (KHTML, like Gecko) Chrome/87.0.4280.88 Safari/537.36" "-"
193.106.31.130 - - [06/Jan/2021:06:41:13 +0100] "POST /administrator/index.php HTTP/1.0" 200 4481 "-" "Mozilla/4.0 (compatible; MSIE 7.0; Windows NT 6.0)" "-"
193.106.31.130 - - [06/Jan/2021:06:41:28 +0100] "POST /administrator/index.php HTTP/1.0" 200 4481 "-" "Mozilla/4.0 (compatible; MSIE 7.0; Windows NT 6.0)" "-"
193.106.31.130 - - [06/Jan/2021:10:13:06 +0100] "POST /administrator/index.php HTTP/1.0" 200 4481 "-" "Mozilla/4.0 (compatible; MSIE 7.0; Windows NT 6.0)" "-"
193.106.31.130 - - [06/Jan/2021:10:13:10 +0100] "POST /administrator/index.php HTTP/1.0" 200 4481 "-" "Mozilla/4.0 (compatible; MSIE 7.0; Windows NT 6.0)" "-"
193.106.31.130 - - [06/Jan/2021:10:13:23 +0100] "POST /administrator/index.php HTTP/1.0" 200 4481 "-" "Mozilla/4.0 (compatible; MSIE 7.0; Windows NT 6.0)" "-"
139.162.35.102 - - [06/Jan/2021:13:05:01 +0100] "GET / HTTP/1.1" 200 10479 "-" "Mozilla/5.0 (Windows NT 10.0) AppleWebKit/537.36 (KHTML, like Gecko) Chrome/63.0.3239.132 YaBrowser/18.1.1.839 Yowser/2.5 Safari/537.36" "-"
47.242.170.47 - - [06/Jan/2021:13:22:32 +0100] "POST /administrator/index.php HTTP/1.1" 200 4494 "http://almhuette-raith.at/administrator/index.php" "Mozilla/4.0 (compatible; MSIE 6.0; Windows NT 5.1; SV1; .NET CLR 1.1.4322)" "-"
193.106.31.130 - - [06/Jan/2021:14:16:24 +0100] "POST /administrator/index.php HTTP/1.0" 200 4481 "-" "Mozilla/4.0 (compatible; MSIE 7.0; Windows NT 6.0)" "-"
193.106.31.130 - - [06/Jan/2021:14:16:50 +0100] "POST /administrator/index.php HTTP/1.0" 200 4481 "-" "Mozilla/4.0 (compatible; MSIE 7.0; Windows NT 6.0)" "-"
178.32.217.133 - - [06/Jan/2021:15:33:34 +0100] "GET /administrator/index.php HTTP/1.1" 200 4263 "-" "Mozilla/5.0 (Windows NT 6.1) AppleWebKit/537.36 (KHTML, like Gecko) Chrome/45.0.2454.85 Safari/537.36 OPR/32.0.1948.45" "-"
178.32.217.133 - - [06/Jan/2021:15:33:38 +0100] "GET /administrator/index.php HTTP/1.1" 200 4263 "-" "Mozilla/5.0 (Windows NT 6.1) AppleWebKit/537.36 (KHTML, like Gecko) Chrome/45.0.2454.85 Safari/537.36 OPR/32.0.1948.45" "-"
178.32.217.133 - - [06/Jan/2021:15:34:08 +0100] "POST /administrator/index.php HTTP/1.0" 200 4481 "-" "Mozilla/5.0 (Windows NT 6.1) AppleWebKit/537.36 (KHTML, like Gecko) Chrome/45.0.2454.85 Safari/537.36 OPR/32.0.1948.45" "-"
193.106.31.130 - - [06/Jan/2021:18:00:04 +0100] "POST /administrator/index.php HTTP/1.0" 200 4481 "-" "Mozilla/4.0 (compatible; MSIE 7.0; Windows NT 6.0)" "-"
23.129.64.201 - - [06/Jan/2021:20:58:58 +0100] "GET / HTTP/1.1" 200 10479 "http://www.almhuette-raith.at" "Mozilla/5.0 (Macintosh; Intel Mac OS X 10_13_5) AppleWebKit/537.36 (KHTML, like Gecko) Chrome/69.0.3451.0 Safari/537.36" "-"
193.106.31.130 - - [06/Jan/2021:21:29:38 +0100] "POST /administrator/index.php HTTP/1.0" 200 4481 "-" "Mozilla/4.0 (compatible; MSIE 7.0; Windows NT 6.0)" "-"
193.106.31.130 - - [06/Jan/2021:21:29:40 +0100] "POST /administrator/index.php HTTP/1.0" 200 4481 "-" "Mozilla/4.0 (compatible; MSIE 7.0; Windows NT 6.0)" "-"
62.210.78.76 - - [06/Jan/2021:22:26:48 +0100] "GET /index.php?option=com_content&view=article&id=46&Itemid=54 HTTP/1.1" 200 8938 "-" "Mozilla/5.0 (compatible; Barkrowler/0.9; +https://babbar.tech/crawler)" "-"
193.106.31.130 - - [07/Jan/2021:01:04:22 +0100] "POST /administrator/index.php HTTP/1.0" 200 4481 "-" "Mozilla/4.0 (compatible; MSIE 7.0; Windows NT 6.0)" "-"
193.106.31.130 - - [07/Jan/2021:01:04:42 +0100] "POST /administrator/index.php HTTP/1.0" 200 4481 "-" "Mozilla/4.0 (compatible; MSIE 7.0; Windows NT 6.0)" "-"
168.91.80.152 - - [07/Jan/2021:02:45:07 +0100] "GET / HTTP/1.1" 200 10479 "http://www.almhuette-raith.at" "Mozilla/5.0 (Macintosh; Intel Mac OS X 10_7_3) AppleWebKit/[WEBKIT_VERSION] (KHTML, like Gecko, Mediapartners-Google) Chrome/[CHROME_VERSION] Safari/[WEBKIT_VERSION]" "-"
193.106.31.130 - - [07/Jan/2021:04:35:40 +0100] "POST /administrator/index.php HTTP/1.0" 200 4481 "-" "Mozilla/4.0 (compatible; MSIE 7.0; Windows NT 6.0)" "-"
193.106.31.130 - - [07/Jan/2021:04:35:49 +0100] "POST /administrator/index.php HTTP/1.0" 200 4481 "-" "Mozilla/4.0 (compatible; MSIE 7.0; Windows NT 6.0)" "-"
193.106.31.130 - - [07/Jan/2021:04:36:03 +0100] "POST /administrator/index.php HTTP/1.0" 200 4481 "-" "Mozilla/4.0 (compatible; MSIE 7.0; Windows NT 6.0)" "-"
193.106.31.130 - - [07/Jan/2021:08:08:53 +0100] "POST /administrator/index.php HTTP/1.0" 200 4481 "-" "Mozilla/4.0 (compatible; MSIE 7.0; Windows NT 6.0)" "-"
193.106.31.130 - - [07/Jan/2021:08:09:01 +0100] "POST /administrator/index.php HTTP/1.0" 200 4481 "-" "Mozilla/4.0 (compatible; MSIE 7.0; Windows NT 6.0)" "-"
193.106.31.130 - - [07/Jan/2021:11:40:41 +0100] "POST /administrator/index.php HTTP/1.0" 200 4481 "-" "Mozilla/4.0 (compatible; MSIE 7.0; Windows NT 6.0)" "-"
193.106.31.130 - - [07/Jan/2021:11:41:05 +0100] "POST /administrator/index.php HTTP/1.0" 200 4481 "-" "Mozilla/4.0 (compatible; MSIE 7.0; Windows NT 6.0)" "-"
193.106.31.130 - - [07/Jan/2021:15:16:38 +0100] "POST /administrator/index.php HTTP/1.0" 200 4481 "-" "Mozilla/4.0 (compatible; MSIE 7.0; Windows NT 6.0)" "-"
193.106.31.130 - - [07/Jan/2021:15:16:56 +0100] "POST /administrator/index.php HTTP/1.0" 200 4481 "-" "Mozilla/4.0 (compatible; MSIE 7.0; Windows NT 6.0)" "-"
193.106.31.130 - - [07/Jan/2021:15:17:00 +0100] "POST /administrator/index.php HTTP/1.0" 200 4481 "-" "Mozilla/4.0 (compatible; MSIE 7.0; Windows NT 6.0)" "-"
193.106.31.130 - - [07/Jan/2021:15:17:13 +0100] "POST /administrator/index.php HTTP/1.0" 200 4481 "-" "Mozilla/4.0 (compatible; MSIE 7.0; Windows NT 6.0)" "-"
62.35.7.187 - - [07/Jan/2021:16:18:06 +0100] "GET /images/stories/raith/grillplatz.jpg HTTP/1.1" 200 55303 "http://www.almhuette-raith.at/" "Mozilla/5.0 (Macintosh; Intel Mac OS X 10_15_6) AppleWebKit/605.1.15 (KHTML, like Gecko) Version/14.0.2 Safari/605.1.15" "-"
91.171.55.234 - - [07/Jan/2021:16:50:59 +0100] "GET /templates/jp_hotel/css/template.css HTTP/1.1" 200 10004 "http://www.almhuette-raith.at/" "Mozilla/5.0 (Windows NT 10.0; Win64; x64) AppleWebKit/537.36 (KHTML, like Gecko) Chrome/87.0.4280.88 Safari/537.36" "-"
91.171.55.234 - - [07/Jan/2021:16:51:12 +0100] "GET /components/com_phocagallery/assets/js/shadowbox/src/skin/classic/skin.js HTTP/1.1" 200 3495 "http://www.almhuette-raith.at/index.php?option=com_phocagallery&view=category&id=1&Itemid=53" "Mozilla/5.0 (Windows NT 10.0; Win64; x64) AppleWebKit/537.36 (KHTML, like Gecko) Chrome/87.0.4280.88 Safari/537.36" "-"
91.171.55.234 - - [07/Jan/2021:16:51:37 +0100] "GET /images/phocagallery/thumbs/phoca_thumb_m_winterfoto%2013.jpg HTTP/1.1" 200 3984 "http://www.almhuette-raith.at/index.php?option=com_phocagallery&view=category&id=2:winterfotos&Itemid=53" "Mozilla/5.0 (Windows NT 10.0; Win64; x64) AppleWebKit/537.36 (KHTML, like Gecko) Chrome/87.0.4280.88 Safari/537.36" "-"
51.210.183.78 - - [07/Jan/2021:17:03:03 +0100] "GET /apache-log/access.log HTTP/1.1" 200 13132436 "-" "curl/7.68.0" "-"
42.236.10.78 - - [07/Jan/2021:17:28:47 +0100] "GET /templates/jp_hotel/css/menu.css HTTP/1.1" 200 1457 "http://almhuette-raith.at/" "Mozilla/5.0 (Linux; U; Android 8.1.0; zh-CN; EML-AL00 Build/HUAWEIEML-AL00) AppleWebKit/537.36 (KHTML, like Gecko) Version/4.0 Chrome/57.0.2987.108 baidu.sogo.uc.UCBrowser/11.9.4.974 UWS/2.13.1.48 Mobile Safari/537.36 AliApp(DingTalk/4.5.11) com.alibaba.android.rimet/10487439 Channel/227200 language/zh-CN" "-"
51.210.183.78 - - [07/Jan/2021:18:31:03 +0100] "GET /apache-log/access.log HTTP/1.1" 200 13175303 "-" "curl/7.68.0" "-"
193.106.31.130 - - [07/Jan/2021:18:50:28 +0100] "POST /administrator/index.php HTTP/1.0" 200 4481 "-" "Mozilla/4.0 (compatible; MSIE 7.0; Windows NT 6.0)" "-"
41.237.157.66 - - [07/Jan/2021:19:05:10 +0100] "GET /apache-log/access.log HTTP/1.1" 200 13224041 "-" "python-requests/2.25.1" "-"
13.66.139.2 - - [07/Jan/2021:22:00:47 +0100] "GET /index.php?option=com_phocagallery&view=category&id=2:winterfotos&Itemid=53 HTTP/1.1" 200 30662 "-" "Mozilla/5.0 (compatible; bingbot/2.0; +http://www.bing.com/bingbot.htm)" "-"
193.106.31.130 - - [07/Jan/2021:22:27:43 +0100] "POST /administrator/index.php HTTP/1.0" 200 4481 "-" "Mozilla/4.0 (compatible; MSIE 7.0; Windows NT 6.0)" "-"
193.106.31.130 - - [07/Jan/2021:22:27:59 +0100] "POST /administrator/index.php HTTP/1.0" 200 4481 "-" "Mozilla/4.0 (compatible; MSIE 7.0; Windows NT 6.0)" "-"
193.106.31.130 - - [07/Jan/2021:22:28:04 +0100] "POST /administrator/index.php HTTP/1.0" 200 4481 "-" "Mozilla/4.0 (compatible; MSIE 7.0; Windows NT 6.0)" "-"
193.106.31.130 - - [07/Jan/2021:22:28:06 +0100] "POST /administrator/index.php HTTP/1.0" 200 4481 "-" "Mozilla/4.0 (compatible; MSIE 7.0; Windows NT 6.0)" "-"
51.210.183.78 - - [07/Jan/2021:22:36:03 +0100] "GET /apache-log/access.log HTTP/1.1" 200 13314010 "-" "curl/7.68.0" "-"
51.210.183.78 - - [07/Jan/2021:22:56:03 +0100] "GET /apache-log/access.log HTTP/1.1" 200 13318506 "-" "curl/7.68.0" "-"
51.210.183.78 - - [07/Jan/2021:22:58:03 +0100] "GET /apache-log/access.log HTTP/1.1" 200 13318746 "-" "curl/7.68.0" "-"
51.210.183.78 - - [07/Jan/2021:23:03:03 +0100] "GET /apache-log/access.log HTTP/1.1" 200 13320348 "-" "curl/7.68.0" "-"
51.210.183.78 - - [07/Jan/2021:23:13:04 +0100] "GET /apache-log/access.log HTTP/1.1" 200 13322112 "-" "curl/7.68.0" "-"
81.5.193.243 - - [08/Jan/2021:00:12:21 +0100] "GET /templates/jp_hotel/css/menu.css HTTP/1.1" 200 1457 "http://www.almhuette-raith.at/" "Mozilla/5.0 (iPhone; CPU iPhone OS 14_1 like Mac OS X) AppleWebKit/605.1.15 (KHTML, like Gecko) Version/14.0 Mobile/15E148 Safari/604.1" "-"
154.236.95.78 - - [08/Jan/2021:00:49:42 +0100] "GET /apache-log/access.log HTTP/1.1" 200 13366930 "-" "python-requests/2.25.1" "-"
51.210.183.78 - - [08/Jan/2021:01:00:04 +0100] "GET /apache-log/access.log HTTP/1.1" 200 13369447 "-" "curl/7.68.0" "-"
51.210.183.78 - - [08/Jan/2021:01:09:04 +0100] "GET /apache-log/access.log HTTP/1.1" 200 13371799 "-" "curl/7.68.0" "-"
51.210.183.78 - - [08/Jan/2021:01:21:04 +0100] "GET /apache-log/access.log HTTP/1.1" 200 13373869 "-" "curl/7.68.0" "-"
156.196.194.205 - - [08/Jan/2021:01:23:41 +0100] "GET /apache-log/access.log HTTP/1.1" 200 13374229 "-" "python-requests/2.25.1" "-"
51.210.183.78 - - [08/Jan/2021:02:07:03 +0100] "GET /apache-log/access.log HTTP/1.1" 200 13382425 "-" "curl/7.68.0" "-"
193.106.31.130 - - [08/Jan/2021:02:23:59 +0100] "POST /administrator/index.php HTTP/1.0" 200 4481 "-" "Mozilla/4.0 (compatible; MSIE 7.0; Windows NT 6.0)" "-"
51.210.183.78 - - [08/Jan/2021:03:36:03 +0100] "GET /apache-log/access.log HTTP/1.1" 200 13433735 "-" "curl/7.68.0" "-"
51.210.183.78 - - [08/Jan/2021:03:46:03 +0100] "GET /apache-log/access.log HTTP/1.1" 200 13434815 "-" "curl/7.68.0" "-"
23.108.31.122 - - [08/Jan/2021:04:16:37 +0100] "GET /apache-log/access.log HTTP/1.0" 200 1111806 "https://pastelink.net/2hl53" "Mozilla/5.0 (Windows NT 10.0; Win64; x64) AppleWebKit/537.36 (KHTML, like Gecko) Chrome/83.0.4103.61 Safari/537.36/iYA9HebN-7" "-"
193.106.31.130 - - [08/Jan/2021:05:56:02 +0100] "POST /administrator/index.php HTTP/1.0" 200 4481 "-" "Mozilla/4.0 (compatible; MSIE 7.0; Windows NT 6.0)" "-"
51.210.183.78 - - [08/Jan/2021:08:52:04 +0100] "GET /apache-log/access.log HTTP/1.1" 200 13538448 "-" "curl/7.68.0" "-"
193.106.31.130 - - [08/Jan/2021:09:27:35 +0100] "POST /administrator/index.php HTTP/1.0" 200 4481 "-" "Mozilla/4.0 (compatible; MSIE 7.0; Windows NT 6.0)" "-"
193.106.31.130 - - [08/Jan/2021:09:27:41 +0100] "POST /administrator/index.php HTTP/1.0" 200 4481 "-" "Mozilla/4.0 (compatible; MSIE 7.0; Windows NT 6.0)" "-"
193.106.31.130 - - [08/Jan/2021:09:28:03 +0100] "POST /administrator/index.php HTTP/1.0" 200 4481 "-" "Mozilla/4.0 (compatible; MSIE 7.0; Windows NT 6.0)" "-"
83.159.116.192 - - [08/Jan/2021:12:23:31 +0100] "GET /apache-log/access.log HTTP/1.1" 200 1173488 "-" "Mozilla/5.0 (X11; Fedora; Linux x86_64; rv:76.0) Gecko/20100101 Firefox/76.0" "-"
81.5.193.243 - - [08/Jan/2021:12:52:17 +0100] "GET /templates/jp_hotel/images/content_heading.gif HTTP/1.1" 200 69 "http://www.almhuette-raith.at/index.php?option=com_content&view=article&id=50&Itemid=56" "Mozilla/5.0 (iPhone; CPU iPhone OS 14_1 like Mac OS X) AppleWebKit/605.1.15 (KHTML, like Gecko) Version/14.0 Mobile/15E148 Safari/604.1" "-"
81.5.193.243 - - [08/Jan/2021:12:53:46 +0100] "GET /images/stories/raith/wohnraum.jpg HTTP/1.1" 200 43586 "http://www.almhuette-raith.at/" "Mozilla/5.0 (iPhone; CPU iPhone OS 14_1 like Mac OS X) AppleWebKit/605.1.15 (KHTML, like Gecko) Version/14.0 Mobile/15E148 Safari/604.1" "-"
81.5.193.243 - - [08/Jan/2021:12:53:46 +0100] "GET /images/stories/raith/steiermark_herz.png HTTP/1.1" 200 39683 "http://www.almhuette-raith.at/" "Mozilla/5.0 (iPhone; CPU iPhone OS 14_1 like Mac OS X) AppleWebKit/605.1.15 (KHTML, like Gecko) Version/14.0 Mobile/15E148 Safari/604.1" "-"
81.5.193.243 - - [08/Jan/2021:12:54:08 +0100] "GET /images/phocagallery/almhuette/thumbs/phoca_thumb_m_almhuette_raith_003.jpg HTTP/1.1" 200 4758 "http://www.almhuette-raith.at/index.php?option=com_phocagallery&view=category&id=1&Itemid=53" "Mozilla/5.0 (iPhone; CPU iPhone OS 14_1 like Mac OS X) AppleWebKit/605.1.15 (KHTML, like Gecko) Version/14.0 Mobile/15E148 Safari/604.1" "-"
193.106.31.130 - - [08/Jan/2021:13:00:01 +0100] "POST /administrator/index.php HTTP/1.0" 200 4481 "-" "Mozilla/4.0 (compatible; MSIE 7.0; Windows NT 6.0)" "-"
193.106.31.130 - - [08/Jan/2021:13:00:02 +0100] "POST /administrator/index.php HTTP/1.0" 200 4481 "-" "Mozilla/4.0 (compatible; MSIE 7.0; Windows NT 6.0)" "-"
193.106.31.130 - - [08/Jan/2021:13:00:19 +0100] "POST /administrator/index.php HTTP/1.0" 200 4481 "-" "Mozilla/4.0 (compatible; MSIE 7.0; Windows NT 6.0)" "-"
51.210.183.78 - - [08/Jan/2021:14:15:03 +0100] "GET /apache-log/access.log HTTP/1.1" 200 13743930 "-" "curl/7.68.0" "-"
51.210.183.78 - - [08/Jan/2021:15:27:03 +0100] "GET /apache-log/access.log HTTP/1.1" 200 13755862 "-" "curl/7.68.0" "-"
51.210.183.78 - - [08/Jan/2021:16:28:03 +0100] "GET /apache-log/access.log HTTP/1.1" 200 13765999 "-" "curl/7.68.0" "-"
193.106.31.130 - - [08/Jan/2021:16:32:27 +0100] "POST /administrator/index.php HTTP/1.0" 200 4481 "-" "Mozilla/4.0 (compatible; MSIE 7.0; Windows NT 6.0)" "-"
193.106.31.130 - - [08/Jan/2021:16:32:31 +0100] "POST /administrator/index.php HTTP/1.0" 200 4481 "-" "Mozilla/4.0 (compatible; MSIE 7.0; Windows NT 6.0)" "-"
193.106.31.130 - - [08/Jan/2021:16:32:46 +0100] "POST /administrator/index.php HTTP/1.0" 200 4481 "-" "Mozilla/4.0 (compatible; MSIE 7.0; Windows NT 6.0)" "-"
51.210.183.78 - - [08/Jan/2021:16:36:03 +0100] "GET /apache-log/access.log HTTP/1.1" 200 13806867 "-" "curl/7.68.0" "-"
51.210.183.78 - - [08/Jan/2021:18:02:04 +0100] "GET /apache-log/access.log HTTP/1.1" 200 13820036 "-" "curl/7.68.0" "-"
178.191.193.166 - - [08/Jan/2021:19:23:22 +0100] "GET /images/phocagallery/almhuette/thumbs/phoca_thumb_m_terasse.jpg HTTP/1.1" 200 5126 "http://www.almhuette-raith.at/index.php?option=com_phocagallery&view=category&id=1&Itemid=53" "Mozilla/5.0 (Linux; Android 10; Mi 9T Pro) AppleWebKit/537.36 (KHTML, like Gecko) Chrome/87.0.4280.141 Mobile Safari/537.36" "-"
51.210.183.78 - - [08/Jan/2021:19:26:03 +0100] "GET /apache-log/access.log HTTP/1.1" 200 13877091 "-" "curl/7.68.0" "-"
193.106.31.130 - - [08/Jan/2021:20:06:37 +0100] "POST /administrator/index.php HTTP/1.0" 200 4481 "-" "Mozilla/4.0 (compatible; MSIE 7.0; Windows NT 6.0)" "-"
193.106.31.130 - - [08/Jan/2021:20:06:43 +0100] "POST /administrator/index.php HTTP/1.0" 200 4481 "-" "Mozilla/4.0 (compatible; MSIE 7.0; Windows NT 6.0)" "-"
193.106.31.130 - - [08/Jan/2021:20:06:50 +0100] "POST /administrator/index.php HTTP/1.0" 200 4481 "-" "Mozilla/4.0 (compatible; MSIE 7.0; Windows NT 6.0)" "-"
193.106.31.130 - - [08/Jan/2021:20:06:54 +0100] "POST /administrator/index.php HTTP/1.0" 200 4481 "-" "Mozilla/4.0 (compatible; MSIE 7.0; Windows NT 6.0)" "-"
193.106.31.130 - - [08/Jan/2021:20:06:54 +0100] "POST /administrator/index.php HTTP/1.0" 200 4481 "-" "Mozilla/4.0 (compatible; MSIE 7.0; Windows NT 6.0)" "-"
51.210.183.78 - - [08/Jan/2021:22:36:04 +0100] "GET /apache-log/access.log HTTP/1.1" 200 13956961 "-" "curl/7.68.0" "-"
193.106.31.130 - - [08/Jan/2021:23:39:10 +0100] "POST /administrator/index.php HTTP/1.0" 200 4481 "-" "Mozilla/4.0 (compatible; MSIE 7.0; Windows NT 6.0)" "-"
193.106.31.130 - - [08/Jan/2021:23:39:19 +0100] "POST /administrator/index.php HTTP/1.0" 200 4481 "-" "Mozilla/4.0 (compatible; MSIE 7.0; Windows NT 6.0)" "-"
51.210.183.78 - - [08/Jan/2021:23:42:05 +0100] "GET /apache-log/access.log HTTP/1.1" 200 14006226 "-" "curl/7.68.0" "-"
51.210.183.78 - - [09/Jan/2021:00:17:04 +0100] "GET /apache-log/access.log HTTP/1.1" 200 14010954 "-" "curl/7.68.0" "-"
51.210.183.78 - - [09/Jan/2021:00:43:04 +0100] "GET /apache-log/access.log HTTP/1.1" 200 14016790 "-" "curl/7.68.0" "-"
51.210.183.78 - - [09/Jan/2021:02:13:04 +0100] "GET /apache-log/access.log HTTP/1.1" 200 14034343 "-" "curl/7.68.0" "-"
184.178.172.25 - - [09/Jan/2021:02:48:26 +0100] "GET /apache-log/access.log HTTP/1.0" 200 1001960 "https://utah.instructure.com/eportfolios/48668/Home/Diflucan_internet" "Mozilla/5.0 (Windows NT 10.0; Win64; x64) AppleWebKit/537.36 (KHTML, like Gecko) Chrome/83.0.4093.3 Safari/537.36" "-"
193.106.31.130 - - [09/Jan/2021:03:11:09 +0100] "POST /administrator/index.php HTTP/1.0" 200 4481 "-" "Mozilla/4.0 (compatible; MSIE 7.0; Windows NT 6.0)" "-"
170.231.130.39 - - [09/Jan/2021:04:34:37 +0100] "GET /x.php HTTP/1.1" 404 211 "-" "-" "-"
51.210.183.78 - - [09/Jan/2021:04:36:04 +0100] "GET /apache-log/access.log HTTP/1.1" 200 14095072 "-" "curl/7.68.0" "-"
51.210.183.78 - - [09/Jan/2021:06:01:04 +0100] "GET /apache-log/access.log HTTP/1.1" 200 14109914 "-" "curl/7.68.0" "-"
193.106.31.130 - - [09/Jan/2021:06:42:59 +0100] "POST /administrator/index.php HTTP/1.0" 200 4481 "-" "Mozilla/4.0 (compatible; MSIE 7.0; Windows NT 6.0)" "-"
193.106.31.130 - - [09/Jan/2021:06:43:16 +0100] "POST /administrator/index.php HTTP/1.0" 200 4481 "-" "Mozilla/4.0 (compatible; MSIE 7.0; Windows NT 6.0)" "-"
23.100.232.233 - - [09/Jan/2021:08:31:48 +0100] "GET /templates/jp_hotel/css/layout.css HTTP/1.1" 200 1801 "http://www.almhuette-raith.at/" "Mozilla/5.0 (compatible; MSIE 9.0; Windows NT 6.1; Trident/5.0;  Trident/5.0)" "-"
95.216.96.245 - - [09/Jan/2021:09:09:40 +0100] "GET /index.php?option=com_content&view=article&id=49&Itemid=55 HTTP/1.1" 200 7936 "http://www.almhuette-raith.at/" "Mozilla/5.0 (compatible; SEOkicks; +https://www.seokicks.de/robot.html)" "-"
51.210.183.78 - - [09/Jan/2021:09:40:04 +0100] "GET /apache-log/access.log HTTP/1.1" 200 14190562 "-" "curl/7.68.0" "-"
193.106.31.130 - - [09/Jan/2021:10:15:18 +0100] "POST /administrator/index.php HTTP/1.0" 200 4481 "-" "Mozilla/4.0 (compatible; MSIE 7.0; Windows NT 6.0)" "-"
193.106.31.130 - - [09/Jan/2021:10:15:46 +0100] "POST /administrator/index.php HTTP/1.0" 200 4481 "-" "Mozilla/4.0 (compatible; MSIE 7.0; Windows NT 6.0)" "-"
51.210.183.78 - - [09/Jan/2021:11:14:04 +0100] "GET /apache-log/access.log HTTP/1.1" 200 14244153 "-" "curl/7.68.0" "-"
51.210.183.78 - - [09/Jan/2021:12:08:04 +0100] "GET /apache-log/access.log HTTP/1.1" 200 14256057 "-" "curl/7.68.0" "-"
193.106.31.130 - - [09/Jan/2021:13:47:23 +0100] "POST /administrator/index.php HTTP/1.0" 200 4481 "-" "Mozilla/4.0 (compatible; MSIE 7.0; Windows NT 6.0)" "-"
193.106.31.130 - - [09/Jan/2021:13:47:23 +0100] "POST /administrator/index.php HTTP/1.0" 200 4481 "-" "Mozilla/4.0 (compatible; MSIE 7.0; Windows NT 6.0)" "-"
193.106.31.130 - - [09/Jan/2021:13:47:35 +0100] "POST /administrator/index.php HTTP/1.0" 200 4481 "-" "Mozilla/4.0 (compatible; MSIE 7.0; Windows NT 6.0)" "-"
193.106.31.130 - - [09/Jan/2021:13:47:35 +0100] "POST /administrator/index.php HTTP/1.0" 200 4481 "-" "Mozilla/4.0 (compatible; MSIE 7.0; Windows NT 6.0)" "-"
193.106.31.130 - - [09/Jan/2021:13:47:36 +0100] "POST /administrator/index.php HTTP/1.0" 200 4481 "-" "Mozilla/4.0 (compatible; MSIE 7.0; Windows NT 6.0)" "-"
156.209.86.29 - - [09/Jan/2021:16:56:07 +0100] "GET /apache-log/access.log HTTP/1.1" 200 14358489 "-" "python-requests/2.25.1" "-"
156.209.86.29 - - [09/Jan/2021:16:57:38 +0100] "GET /apache-log/access.log HTTP/1.1" 200 14358620 "-" "python-requests/2.25.1" "-"
193.106.31.130 - - [09/Jan/2021:17:20:30 +0100] "POST /administrator/index.php HTTP/1.0" 200 4481 "-" "Mozilla/4.0 (compatible; MSIE 7.0; Windows NT 6.0)" "-"
193.106.31.130 - - [09/Jan/2021:20:56:06 +0100] "POST /administrator/index.php HTTP/1.0" 200 4481 "-" "Mozilla/4.0 (compatible; MSIE 7.0; Windows NT 6.0)" "-"
185.191.171.16 - - [09/Jan/2021:22:11:46 +0100] "GET /index.php?Itemid=53&id=1%3Aalmhuette-raith&limitstart=20&option=com_phocagallery&view=category HTTP/1.1" 200 15506 "-" "Mozilla/5.0 (compatible; SemrushBot/7~bl; +http://www.semrush.com/bot.html)" "-"
193.106.31.130 - - [10/Jan/2021:00:27:30 +0100] "POST /administrator/index.php HTTP/1.0" 200 4481 "-" "Mozilla/4.0 (compatible; MSIE 7.0; Windows NT 6.0)" "-"
45.61.164.246 - - [10/Jan/2021:02:35:32 +0100] "GET / HTTP/1.0" 200 10466 "http://www.almhuette-raith.at" "Mozilla/5.0 (Windows NT 10.0; Win64; x64) AppleWebKit/537.36 (KHTML, like Gecko) Chrome/52.0.2743.116 Safari/537.36 Edge/D3117A87" "-"
193.106.31.130 - - [10/Jan/2021:03:58:44 +0100] "POST /administrator/index.php HTTP/1.0" 200 4481 "-" "Mozilla/4.0 (compatible; MSIE 7.0; Windows NT 6.0)" "-"
193.106.31.130 - - [10/Jan/2021:07:31:55 +0100] "POST /administrator/index.php HTTP/1.0" 200 4481 "-" "Mozilla/4.0 (compatible; MSIE 7.0; Windows NT 6.0)" "-"
193.106.31.130 - - [10/Jan/2021:11:04:44 +0100] "POST /administrator/index.php HTTP/1.0" 200 4481 "-" "Mozilla/4.0 (compatible; MSIE 7.0; Windows NT 6.0)" "-"
193.106.31.130 - - [10/Jan/2021:11:04:57 +0100] "POST /administrator/index.php HTTP/1.0" 200 4481 "-" "Mozilla/4.0 (compatible; MSIE 7.0; Windows NT 6.0)" "-"
193.106.31.130 - - [10/Jan/2021:11:05:00 +0100] "POST /administrator/index.php HTTP/1.0" 200 4481 "-" "Mozilla/4.0 (compatible; MSIE 7.0; Windows NT 6.0)" "-"
193.106.31.130 - - [10/Jan/2021:14:37:58 +0100] "POST /administrator/index.php HTTP/1.0" 200 4481 "-" "Mozilla/4.0 (compatible; MSIE 7.0; Windows NT 6.0)" "-"
193.106.31.130 - - [10/Jan/2021:14:38:02 +0100] "POST /administrator/index.php HTTP/1.0" 200 4481 "-" "Mozilla/4.0 (compatible; MSIE 7.0; Windows NT 6.0)" "-"
154.237.132.98 - - [10/Jan/2021:16:20:44 +0100] "GET /images/stories/slideshow/almhuette_raith_06.jpg HTTP/1.1" 200 68977 "http://www.almhuette-raith.at/" "Mozilla/5.0 (Windows NT 10.0; Win64; x64) AppleWebKit/537.36 (KHTML, like Gecko) Chrome/87.0.4280.88 Safari/537.36" "-"
156.209.63.112 - - [10/Jan/2021:17:51:13 +0100] "GET /apache-log/access.log HTTP/1.1" 200 14713713 "-" "python-requests/2.25.1" "-"
156.209.63.112 - - [10/Jan/2021:17:51:14 +0100] "GET /apache-log/access.log HTTP/1.1" 200 314364 "-" "Python-urllib/3.9" "-"
193.106.31.130 - - [10/Jan/2021:18:09:51 +0100] "POST /administrator/index.php HTTP/1.0" 200 4481 "-" "Mozilla/4.0 (compatible; MSIE 7.0; Windows NT 6.0)" "-"
193.106.31.130 - - [10/Jan/2021:18:10:00 +0100] "POST /administrator/index.php HTTP/1.0" 200 4481 "-" "Mozilla/4.0 (compatible; MSIE 7.0; Windows NT 6.0)" "-"
193.106.31.130 - - [10/Jan/2021:18:10:02 +0100] "POST /administrator/index.php HTTP/1.0" 200 4481 "-" "Mozilla/4.0 (compatible; MSIE 7.0; Windows NT 6.0)" "-"
193.106.31.130 - - [10/Jan/2021:18:10:18 +0100] "POST /administrator/index.php HTTP/1.0" 200 4481 "-" "Mozilla/4.0 (compatible; MSIE 7.0; Windows NT 6.0)" "-"
193.106.31.130 - - [10/Jan/2021:18:10:25 +0100] "POST /administrator/index.php HTTP/1.0" 200 4481 "-" "Mozilla/4.0 (compatible; MSIE 7.0; Windows NT 6.0)" "-"
156.209.63.112 - - [10/Jan/2021:18:59:24 +0100] "GET /apache-log/access.log HTTP/1.1" 200 14767726 "-" "python-requests/2.25.1" "-"
193.106.31.130 - - [10/Jan/2021:21:44:09 +0100] "POST /administrator/index.php HTTP/1.0" 200 4481 "-" "Mozilla/4.0 (compatible; MSIE 7.0; Windows NT 6.0)" "-"
193.106.31.130 - - [10/Jan/2021:21:44:20 +0100] "POST /administrator/index.php HTTP/1.0" 200 4481 "-" "Mozilla/4.0 (compatible; MSIE 7.0; Windows NT 6.0)" "-"
193.106.31.130 - - [10/Jan/2021:21:44:31 +0100] "POST /administrator/index.php HTTP/1.0" 200 4481 "-" "Mozilla/4.0 (compatible; MSIE 7.0; Windows NT 6.0)" "-"
193.106.31.130 - - [10/Jan/2021:21:44:38 +0100] "POST /administrator/index.php HTTP/1.0" 200 4481 "-" "Mozilla/4.0 (compatible; MSIE 7.0; Windows NT 6.0)" "-"
193.106.31.130 - - [10/Jan/2021:21:44:44 +0100] "POST /administrator/index.php HTTP/1.0" 200 4481 "-" "Mozilla/4.0 (compatible; MSIE 7.0; Windows NT 6.0)" "-"
193.106.31.130 - - [10/Jan/2021:21:44:47 +0100] "POST /administrator/index.php HTTP/1.0" 200 4481 "-" "Mozilla/4.0 (compatible; MSIE 7.0; Windows NT 6.0)" "-"
156.209.63.112 - - [10/Jan/2021:22:21:56 +0100] "GET /apache-log/access.log777 HTTP/1.1" 404 230 "-" "Python-urllib/3.9" "-"
193.106.31.130 - - [11/Jan/2021:00:36:09 +0100] "POST /administrator/index.php HTTP/1.0" 200 4481 "-" "Mozilla/4.0 (compatible; MSIE 7.0; Windows NT 6.0)" "-"
193.106.31.130 - - [11/Jan/2021:04:41:09 +0100] "POST /administrator/index.php HTTP/1.0" 200 4481 "-" "Mozilla/4.0 (compatible; MSIE 7.0; Windows NT 6.0)" "-"
193.106.31.130 - - [11/Jan/2021:04:41:24 +0100] "POST /administrator/index.php HTTP/1.0" 200 4481 "-" "Mozilla/4.0 (compatible; MSIE 7.0; Windows NT 6.0)" "-"
193.106.31.130 - - [11/Jan/2021:04:41:30 +0100] "POST /administrator/index.php HTTP/1.0" 200 4481 "-" "Mozilla/4.0 (compatible; MSIE 7.0; Windows NT 6.0)" "-"
193.106.31.130 - - [11/Jan/2021:04:41:35 +0100] "POST /administrator/index.php HTTP/1.0" 200 4481 "-" "Mozilla/4.0 (compatible; MSIE 7.0; Windows NT 6.0)" "-"
193.106.31.130 - - [11/Jan/2021:04:41:36 +0100] "POST /administrator/index.php HTTP/1.0" 200 4481 "-" "Mozilla/4.0 (compatible; MSIE 7.0; Windows NT 6.0)" "-"
