193.106.31.130 - - [02/Feb/2021:11:51:51 +0100] "POST /administrator/index.php HTTP/1.0" 200 4481 "-" "Mozilla/4.0 (compatible; MSIE 7.0; Windows NT 6.0)" "-"
193.106.31.130 - - [02/Feb/2021:11:52:07 +0100] "POST /administrator/index.php HTTP/1.0" 200 4481 "-" "Mozilla/4.0 (compatible; MSIE 7.0; Windows NT 6.0)" "-"
193.106.31.130 - - [02/Feb/2021:11:52:12 +0100] "POST /administrator/index.php HTTP/1.0" 200 4481 "-" "Mozilla/4.0 (compatible; MSIE 7.0; Windows NT 6.0)" "-"
49.34.118.236 - - [02/Feb/2021:14:16:33 +0100] "GET /administrator/templates/khepri/images/h_green/j_header_middle.png HTTP/1.1" 200 385 "http://almhuette-raith.at/administrator/templates/khepri/css/general.css" "Mozilla/5.0 (Windows NT 10.0; Win64; x64) AppleWebKit/537.36 (KHTML, like Gecko) Chrome/88.0.4324.104 Safari/537.36" "-"
193.106.31.130 - - [02/Feb/2021:15:24:29 +0100] "POST /administrator/index.php HTTP/1.0" 200 4481 "-" "Mozilla/4.0 (compatible; MSIE 7.0; Windows NT 6.0)" "-"
193.106.31.130 - - [02/Feb/2021:15:24:38 +0100] "POST /administrator/index.php HTTP/1.0" 200 4481 "-" "Mozilla/4.0 (compatible; MSIE 7.0; Windows NT 6.0)" "-"
193.106.31.130 - - [02/Feb/2021:15:24:42 +0100] "POST /administrator/index.php HTTP/1.0" 200 4481 "-" "Mozilla/4.0 (compatible; MSIE 7.0; Windows NT 6.0)" "-"
193.106.31.130 - - [02/Feb/2021:15:24:51 +0100] "POST /administrator/index.php HTTP/1.0" 200 4481 "-" "Mozilla/4.0 (compatible; MSIE 7.0; Windows NT 6.0)" "-"
193.106.31.130 - - [02/Feb/2021:18:59:52 +0100] "POST /administrator/index.php HTTP/1.0" 200 4481 "-" "Mozilla/4.0 (compatible; MSIE 7.0; Windows NT 6.0)" "-"
193.106.31.130 - - [02/Feb/2021:18:59:55 +0100] "POST /administrator/index.php HTTP/1.0" 200 4481 "-" "Mozilla/4.0 (compatible; MSIE 7.0; Windows NT 6.0)" "-"
66.249.66.159 - - [02/Feb/2021:22:04:48 +0100] "GET /robots.txt HTTP/1.1" 200 304 "-" "Mozilla/5.0 (compatible; Googlebot/2.1; +http://www.google.com/bot.html)" "-"
193.106.31.130 - - [02/Feb/2021:22:41:30 +0100] "POST /administrator/index.php HTTP/1.0" 200 4481 "-" "Mozilla/4.0 (compatible; MSIE 7.0; Windows NT 6.0)" "-"
193.106.31.130 - - [02/Feb/2021:22:41:37 +0100] "POST /administrator/index.php HTTP/1.0" 200 4481 "-" "Mozilla/4.0 (compatible; MSIE 7.0; Windows NT 6.0)" "-"
193.106.31.130 - - [02/Feb/2021:22:41:38 +0100] "POST /administrator/index.php HTTP/1.0" 200 4481 "-" "Mozilla/4.0 (compatible; MSIE 7.0; Windows NT 6.0)" "-"
193.106.31.130 - - [02/Feb/2021:22:41:58 +0100] "POST /administrator/index.php HTTP/1.0" 200 4481 "-" "Mozilla/4.0 (compatible; MSIE 7.0; Windows NT 6.0)" "-"
5.153.183.154 - - [03/Feb/2021:01:29:23 +0100] "GET /images/stories/slideshow/almhuette_raith_05.jpg HTTP/1.1" 200 77796 "http://www.almhuette-raith.at/index.php?option=com_phocagallery&view=category&id=2%3Awinterfotos&Itemid=53" "Mozilla/5.0 (Windows NT 6.1; Win64; x64) AppleWebKit/537.36 (KHTML, like Gecko) Chrome/86.0.4240.198 Safari/537.36" "-"
193.106.31.130 - - [03/Feb/2021:02:16:28 +0100] "POST /administrator/index.php HTTP/1.0" 200 4481 "-" "Mozilla/4.0 (compatible; MSIE 7.0; Windows NT 6.0)" "-"
193.106.31.130 - - [03/Feb/2021:02:16:33 +0100] "POST /administrator/index.php HTTP/1.0" 200 4481 "-" "Mozilla/4.0 (compatible; MSIE 7.0; Windows NT 6.0)" "-"
193.106.31.130 - - [03/Feb/2021:02:16:45 +0100] "POST /administrator/index.php HTTP/1.0" 200 4481 "-" "Mozilla/4.0 (compatible; MSIE 7.0; Windows NT 6.0)" "-"
193.106.31.130 - - [03/Feb/2021:05:56:17 +0100] "POST /administrator/index.php HTTP/1.0" 200 4481 "-" "Mozilla/4.0 (compatible; MSIE 7.0; Windows NT 6.0)" "-"
193.106.31.130 - - [03/Feb/2021:05:56:29 +0100] "POST /administrator/index.php HTTP/1.0" 200 4481 "-" "Mozilla/4.0 (compatible; MSIE 7.0; Windows NT 6.0)" "-"
193.106.31.130 - - [03/Feb/2021:05:56:34 +0100] "POST /administrator/index.php HTTP/1.0" 200 4481 "-" "Mozilla/4.0 (compatible; MSIE 7.0; Windows NT 6.0)" "-"
51.89.129.234 - - [03/Feb/2021:06:32:10 +0100] "GET /index.php?option=com_easyblog&view=dashboard&layout=write HTTP/1.1" 404 1397 "http://www.almhuette-raith.at" "Mozilla/5.0 (Windows NT 10.0; Win64; x64) AppleWebKit/537.36 (KHTML, like Gecko) Chrome/68.0.3428.0 Safari/537.36" "-"
193.106.31.130 - - [03/Feb/2021:09:32:36 +0100] "POST /administrator/index.php HTTP/1.0" 200 4481 "-" "Mozilla/4.0 (compatible; MSIE 7.0; Windows NT 6.0)" "-"
193.106.31.130 - - [03/Feb/2021:09:32:43 +0100] "POST /administrator/index.php HTTP/1.0" 200 4481 "-" "Mozilla/4.0 (compatible; MSIE 7.0; Windows NT 6.0)" "-"
193.106.31.130 - - [03/Feb/2021:13:05:51 +0100] "POST /administrator/index.php HTTP/1.0" 200 4481 "-" "Mozilla/4.0 (compatible; MSIE 7.0; Windows NT 6.0)" "-"
193.106.31.130 - - [03/Feb/2021:13:05:53 +0100] "POST /administrator/index.php HTTP/1.0" 200 4481 "-" "Mozilla/4.0 (compatible; MSIE 7.0; Windows NT 6.0)" "-"
193.106.31.130 - - [03/Feb/2021:13:05:54 +0100] "POST /administrator/index.php HTTP/1.0" 200 4481 "-" "Mozilla/4.0 (compatible; MSIE 7.0; Windows NT 6.0)" "-"
193.106.31.130 - - [03/Feb/2021:13:06:02 +0100] "POST /administrator/index.php HTTP/1.0" 200 4481 "-" "Mozilla/4.0 (compatible; MSIE 7.0; Windows NT 6.0)" "-"
193.106.31.130 - - [03/Feb/2021:13:06:08 +0100] "POST /administrator/index.php HTTP/1.0" 200 4481 "-" "Mozilla/4.0 (compatible; MSIE 7.0; Windows NT 6.0)" "-"
42.236.10.93 - - [03/Feb/2021:13:33:14 +0100] "GET / HTTP/1.1" 200 10439 "http://baidu.com/" "Mozilla/5.0 (Linux; U; Android 8.1.0; zh-CN; EML-AL00 Build/HUAWEIEML-AL00) AppleWebKit/537.36 (KHTML, like Gecko) Version/4.0 Chrome/57.0.2987.108 baidu.sogo.uc.UCBrowser/11.9.4.974 UWS/2.13.1.48 Mobile Safari/537.36 AliApp(DingTalk/4.5.11) com.alibaba.android.rimet/10487439 Channel/227200 language/zh-CN" "-"
193.9.114.181 - - [03/Feb/2021:14:35:38 +0100] "GET /administrator/index.php HTTP/1.1" 200 4263 "-" "Mozilla/5.0 (Windows NT 6.1) AppleWebKit/537.36 (KHTML, like Gecko) Chrome/45.0.2454.85 Safari/537.36 OPR/32.0.1948.45" "-"
193.106.31.130 - - [03/Feb/2021:16:39:21 +0100] "POST /administrator/index.php HTTP/1.0" 200 4481 "-" "Mozilla/4.0 (compatible; MSIE 7.0; Windows NT 6.0)" "-"
217.149.172.112 - - [03/Feb/2021:18:49:42 +0100] "GET /images/phocagallery/almhuette/thumbs/phoca_thumb_m_almhuette_raith_008.jpg HTTP/1.1" 200 3875 "http://www.almhuette-raith.at/index.php?option=com_phocagallery&view=category&id=1&Itemid=53" "Mozilla/5.0 (Windows NT 10.0; Win64; x64; rv:85.0) Gecko/20100101 Firefox/85.0" "-"
217.149.172.112 - - [03/Feb/2021:18:49:42 +0100] "GET /images/phocagallery/almhuette/thumbs/phoca_thumb_m_almhuette_raith_004.jpg HTTP/1.1" 200 5840 "http://www.almhuette-raith.at/index.php?option=com_phocagallery&view=category&id=1&Itemid=53" "Mozilla/5.0 (Windows NT 10.0; Win64; x64; rv:85.0) Gecko/20100101 Firefox/85.0" "-"
193.106.31.130 - - [03/Feb/2021:20:15:36 +0100] "POST /administrator/index.php HTTP/1.0" 200 4481 "-" "Mozilla/4.0 (compatible; MSIE 7.0; Windows NT 6.0)" "-"
193.106.31.130 - - [03/Feb/2021:20:15:40 +0100] "POST /administrator/index.php HTTP/1.0" 200 4481 "-" "Mozilla/4.0 (compatible; MSIE 7.0; Windows NT 6.0)" "-"
193.106.31.130 - - [03/Feb/2021:20:15:55 +0100] "POST /administrator/index.php HTTP/1.0" 200 4481 "-" "Mozilla/4.0 (compatible; MSIE 7.0; Windows NT 6.0)" "-"
213.225.13.14 - - [03/Feb/2021:20:39:25 +0100] "GET /media/system/js/caption.js HTTP/1.1" 200 1963 "http://www.almhuette-raith.at/" "Mozilla/5.0 (iPhone; CPU iPhone OS 14_3 like Mac OS X) AppleWebKit/605.1.15 (KHTML, like Gecko) Version/14.0.2 Mobile/15E148 Safari/604.1" "-"
188.22.24.35 - - [03/Feb/2021:22:55:46 +0100] "GET /images/stories/raith/oststeiermark.png HTTP/1.1" 200 65225 "http://www.almhuette-raith.at/" "Mozilla/5.0 (Windows NT 10.0; Win64; x64; rv:85.0) Gecko/20100101 Firefox/85.0" "-"
193.106.31.130 - - [03/Feb/2021:23:45:42 +0100] "POST /administrator/index.php HTTP/1.0" 200 4481 "-" "Mozilla/4.0 (compatible; MSIE 7.0; Windows NT 6.0)" "-"
193.106.31.130 - - [03/Feb/2021:23:45:50 +0100] "POST /administrator/index.php HTTP/1.0" 200 4481 "-" "Mozilla/4.0 (compatible; MSIE 7.0; Windows NT 6.0)" "-"
193.106.31.130 - - [04/Feb/2021:03:17:24 +0100] "POST /administrator/index.php HTTP/1.0" 200 4481 "-" "Mozilla/4.0 (compatible; MSIE 7.0; Windows NT 6.0)" "-"
193.106.31.130 - - [04/Feb/2021:03:17:44 +0100] "POST /administrator/index.php HTTP/1.0" 200 4481 "-" "Mozilla/4.0 (compatible; MSIE 7.0; Windows NT 6.0)" "-"
193.106.31.130 - - [04/Feb/2021:03:17:53 +0100] "POST /administrator/index.php HTTP/1.0" 200 4481 "-" "Mozilla/4.0 (compatible; MSIE 7.0; Windows NT 6.0)" "-"
204.15.145.39 - - [04/Feb/2021:06:26:20 +0100] "GET /administrator/index.php HTTP/1.1" 200 4263 "-" "Mozilla/5.0 (Windows NT 5.1; rv:29.0) Gecko/20100101 Firefox/29.0" "-"
193.106.31.130 - - [04/Feb/2021:06:51:26 +0100] "POST /administrator/index.php HTTP/1.0" 200 4481 "-" "Mozilla/4.0 (compatible; MSIE 7.0; Windows NT 6.0)" "-"
193.106.31.130 - - [04/Feb/2021:10:22:16 +0100] "POST /administrator/index.php HTTP/1.0" 200 4481 "-" "Mozilla/4.0 (compatible; MSIE 7.0; Windows NT 6.0)" "-"
193.106.31.130 - - [04/Feb/2021:10:22:22 +0100] "POST /administrator/index.php HTTP/1.0" 200 4481 "-" "Mozilla/4.0 (compatible; MSIE 7.0; Windows NT 6.0)" "-"
193.106.31.130 - - [04/Feb/2021:13:52:41 +0100] "POST /administrator/index.php HTTP/1.0" 200 4481 "-" "Mozilla/4.0 (compatible; MSIE 7.0; Windows NT 6.0)" "-"
213.225.9.232 - - [04/Feb/2021:16:56:35 +0100] "GET /components/com_phocagallery/assets/js/shadowbox/src/lang/shadowbox-en.js HTTP/1.1" 200 2337 "http://www.almhuette-raith.at/index.php?option=com_phocagallery&view=category&id=4:ferienwohnung2&Itemid=53" "Mozilla/5.0 (iPhone; CPU iPhone OS 14_3 like Mac OS X) AppleWebKit/605.1.15 (KHTML, like Gecko) Version/14.0.2 Mobile/15E148 Safari/604.1" "-"
213.225.9.232 - - [04/Feb/2021:16:56:51 +0100] "GET /images/phocagallery/almhuette/thumbs/phoca_thumb_m_almhuette_raith_009.jpg HTTP/1.1" 200 4264 "http://www.almhuette-raith.at/index.php?option=com_phocagallery&view=category&id=1&Itemid=53" "Mozilla/5.0 (iPhone; CPU iPhone OS 14_3 like Mac OS X) AppleWebKit/605.1.15 (KHTML, like Gecko) Version/14.0.2 Mobile/15E148 Safari/604.1" "-"
193.106.31.130 - - [04/Feb/2021:17:28:46 +0100] "POST /administrator/index.php HTTP/1.0" 200 4481 "-" "Mozilla/4.0 (compatible; MSIE 7.0; Windows NT 6.0)" "-"
217.149.168.27 - - [04/Feb/2021:18:00:28 +0100] "GET /templates/jp_hotel/css/menu.css HTTP/1.1" 200 1457 "http://www.almhuette-raith.at/index.php?option=com_content&view=article&id=46&Itemid=54" "Mozilla/5.0 (Windows NT 10.0; Win64; x64; rv:85.0) Gecko/20100101 Firefox/85.0" "-"
193.106.31.130 - - [04/Feb/2021:21:02:59 +0100] "POST /administrator/index.php HTTP/1.0" 200 4481 "-" "Mozilla/4.0 (compatible; MSIE 7.0; Windows NT 6.0)" "-"
5.188.62.140 - - [05/Feb/2021:00:09:21 +0100] "POST /administrator/index.php HTTP/1.1" 200 4494 "-" "Mozilla/5.0 (Windows NT 6.1) AppleWebKit/537.36 (KHTML, like Gecko) Chrome/41.0.2226.0 Safari/537.36" "-"
193.106.31.130 - - [05/Feb/2021:00:36:51 +0100] "POST /administrator/index.php HTTP/1.0" 200 4481 "-" "Mozilla/4.0 (compatible; MSIE 7.0; Windows NT 6.0)" "-"
193.106.31.130 - - [05/Feb/2021:00:37:20 +0100] "POST /administrator/index.php HTTP/1.0" 200 4481 "-" "Mozilla/4.0 (compatible; MSIE 7.0; Windows NT 6.0)" "-"
193.106.31.130 - - [05/Feb/2021:00:37:39 +0100] "POST /administrator/index.php HTTP/1.0" 200 4481 "-" "Mozilla/4.0 (compatible; MSIE 7.0; Windows NT 6.0)" "-"
51.77.116.173 - - [05/Feb/2021:00:55:22 +0100] "GET / HTTP/1.1" 200 10479 "http://www.almhuette-raith.at" "Mozilla/5.0 (Windows NT 10.0; Win64; x64) AppleWebKit/537.36 (KHTML, like Gecko) Chrome/65.0.3325.181 Safari/537.36 OPR/52.0.2871.40,gzip(gfe)" "-"
193.106.31.130 - - [05/Feb/2021:04:11:17 +0100] "POST /administrator/index.php HTTP/1.0" 200 4481 "-" "Mozilla/4.0 (compatible; MSIE 7.0; Windows NT 6.0)" "-"
193.106.31.130 - - [05/Feb/2021:04:11:25 +0100] "POST /administrator/index.php HTTP/1.0" 200 4481 "-" "Mozilla/4.0 (compatible; MSIE 7.0; Windows NT 6.0)" "-"
193.106.31.130 - - [05/Feb/2021:04:11:35 +0100] "POST /administrator/index.php HTTP/1.0" 200 4481 "-" "Mozilla/4.0 (compatible; MSIE 7.0; Windows NT 6.0)" "-"
193.106.31.130 - - [05/Feb/2021:04:11:50 +0100] "POST /administrator/index.php HTTP/1.0" 200 4481 "-" "Mozilla/4.0 (compatible; MSIE 7.0; Windows NT 6.0)" "-"
185.104.217.53 - - [05/Feb/2021:05:12:49 +0100] "GET /index.php?option=com_easyblog&view=dashboard&layout=write HTTP/1.0" 404 1385 "http://www.almhuette-raith.at" "Mozilla/5.0 (Windows NT 10.0; Win64; x64) AppleWebKit/537.36 (KHTML, like Gecko) Chrome/66.0.3359.66 Safari/537.36" "-"
5.188.62.140 - - [05/Feb/2021:07:05:43 +0100] "POST /administrator/index.php HTTP/1.1" 200 4494 "-" "Mozilla/5.0 (Windows NT 6.1; WOW64) AppleWebKit/537.36 (KHTML, like Gecko) Chrome/41.0.2225.0 Safari/537.36" "-"
193.106.31.130 - - [05/Feb/2021:07:45:52 +0100] "POST /administrator/index.php HTTP/1.0" 200 4481 "-" "Mozilla/4.0 (compatible; MSIE 7.0; Windows NT 6.0)" "-"
193.106.31.130 - - [05/Feb/2021:07:46:08 +0100] "POST /administrator/index.php HTTP/1.0" 200 4481 "-" "Mozilla/4.0 (compatible; MSIE 7.0; Windows NT 6.0)" "-"
5.37.145.120 - - [05/Feb/2021:09:36:01 +0100] "GET /favicon.ico HTTP/1.1" 404 217 "http://www.almhuette-raith.at/apache-log/access.log" "Mozilla/5.0 (Windows NT 10.0; Win64; x64) AppleWebKit/537.36 (KHTML, like Gecko) Chrome/88.0.4324.96 Safari/537.36 Edg/88.0.705.56" "-"
193.106.31.130 - - [05/Feb/2021:11:18:57 +0100] "POST /administrator/index.php HTTP/1.0" 200 4481 "-" "Mozilla/4.0 (compatible; MSIE 7.0; Windows NT 6.0)" "-"
193.106.31.130 - - [05/Feb/2021:11:19:01 +0100] "POST /administrator/index.php HTTP/1.0" 200 4481 "-" "Mozilla/4.0 (compatible; MSIE 7.0; Windows NT 6.0)" "-"
193.106.31.130 - - [05/Feb/2021:11:19:03 +0100] "POST /administrator/index.php HTTP/1.0" 200 4481 "-" "Mozilla/4.0 (compatible; MSIE 7.0; Windows NT 6.0)" "-"
193.106.31.130 - - [05/Feb/2021:11:19:03 +0100] "POST /administrator/index.php HTTP/1.0" 200 4481 "-" "Mozilla/4.0 (compatible; MSIE 7.0; Windows NT 6.0)" "-"
193.106.31.130 - - [05/Feb/2021:11:19:11 +0100] "POST /administrator/index.php HTTP/1.0" 200 4481 "-" "Mozilla/4.0 (compatible; MSIE 7.0; Windows NT 6.0)" "-"
193.106.31.130 - - [05/Feb/2021:11:19:12 +0100] "POST /administrator/index.php HTTP/1.0" 200 4481 "-" "Mozilla/4.0 (compatible; MSIE 7.0; Windows NT 6.0)" "-"
193.106.31.130 - - [05/Feb/2021:11:19:20 +0100] "POST /administrator/index.php HTTP/1.0" 200 4481 "-" "Mozilla/4.0 (compatible; MSIE 7.0; Windows NT 6.0)" "-"
90.191.124.115 - - [05/Feb/2021:13:48:20 +0100] "GET /images/stories/slideshow/almhuette_raith_01.jpg HTTP/1.1" 200 88161 "http://almhuette-raith.at/index.php" "Mozilla/5.0 (Macintosh; Intel Mac OS X 10_15_6) AppleWebKit/605.1.15 (KHTML, like Gecko) Version/14.0.2 Safari/605.1.15" "-"
90.191.124.115 - - [05/Feb/2021:13:49:37 +0100] "GET /apache-log/access.log HTTP/1.1" 206 291 "-" "SpectX/v1.4.69-SNAPSHOT_2021-01-15_171019" "-"
90.191.124.115 - - [05/Feb/2021:13:54:35 +0100] "GET /images/stories/raith/garage.jpg HTTP/1.1" 200 57339 "http://www.almhuette-raith.at/" "Mozilla/5.0 (Macintosh; Intel Mac OS X 11_0_1) AppleWebKit/537.36 (KHTML, like Gecko) Chrome/87.0.4280.88 Safari/537.36" "-"
193.106.31.130 - - [05/Feb/2021:14:48:55 +0100] "POST /administrator/index.php HTTP/1.0" 200 4481 "-" "Mozilla/4.0 (compatible; MSIE 7.0; Windows NT 6.0)" "-"
193.106.31.130 - - [05/Feb/2021:14:49:10 +0100] "POST /administrator/index.php HTTP/1.0" 200 4481 "-" "Mozilla/4.0 (compatible; MSIE 7.0; Windows NT 6.0)" "-"
193.106.31.130 - - [05/Feb/2021:14:49:25 +0100] "POST /administrator/index.php HTTP/1.0" 200 4481 "-" "Mozilla/4.0 (compatible; MSIE 7.0; Windows NT 6.0)" "-"
90.191.124.115 - - [05/Feb/2021:17:32:59 +0100] "HEAD /apache-log/access.log HTTP/1.1" 200 0 "-" "SpectX/v1.4.70-SNAPSHOT_2021-02-05_131309" "-"
90.191.124.115 - - [05/Feb/2021:17:50:45 +0100] "HEAD /apache-log/access.log HTTP/1.1" 200 0 "-" "SpectX/v1.4.70-SNAPSHOT_2021-02-05_131309" "-"
90.191.124.115 - - [05/Feb/2021:17:57:29 +0100] "HEAD /apache-log/access.log HTTP/1.1" 200 0 "-" "SpectX/v1.4.70-SNAPSHOT_2021-02-05_131309" "-"
193.106.31.130 - - [05/Feb/2021:18:21:35 +0100] "POST /administrator/index.php HTTP/1.0" 200 4481 "-" "Mozilla/4.0 (compatible; MSIE 7.0; Windows NT 6.0)" "-"
193.106.31.130 - - [05/Feb/2021:21:51:32 +0100] "POST /administrator/index.php HTTP/1.0" 200 4481 "-" "Mozilla/4.0 (compatible; MSIE 7.0; Windows NT 6.0)" "-"
193.106.31.130 - - [05/Feb/2021:21:51:47 +0100] "POST /administrator/index.php HTTP/1.0" 200 4481 "-" "Mozilla/4.0 (compatible; MSIE 7.0; Windows NT 6.0)" "-"
193.106.31.130 - - [06/Feb/2021:01:22:32 +0100] "POST /administrator/index.php HTTP/1.0" 200 4481 "-" "Mozilla/4.0 (compatible; MSIE 7.0; Windows NT 6.0)" "-"
193.106.31.130 - - [06/Feb/2021:01:22:45 +0100] "POST /administrator/index.php HTTP/1.0" 200 4481 "-" "Mozilla/4.0 (compatible; MSIE 7.0; Windows NT 6.0)" "-"
193.106.31.130 - - [06/Feb/2021:01:22:54 +0100] "POST /administrator/index.php HTTP/1.0" 200 4481 "-" "Mozilla/4.0 (compatible; MSIE 7.0; Windows NT 6.0)" "-"
172.241.37.123 - - [06/Feb/2021:03:44:12 +0100] "GET / HTTP/1.1" 200 10479 "http://www.almhuette-raith.at" "Mozilla/5.0 (Windows NT 10.0; rv:59.0) Gecko/20100101 Firefox/59.0.2" "-"
168.91.80.240 - - [06/Feb/2021:04:59:08 +0100] "GET / HTTP/1.1" 200 10479 "http://www.almhuette-raith.at" "Mozilla/5.0 (Windows NT 10.0; Win64; x64) AppleWebKit/537.36 (KHTML, like Gecko) Chrome/66.0.3359.170 Safari/537.36" "-"
193.106.31.130 - - [06/Feb/2021:08:31:02 +0100] "POST /administrator/index.php HTTP/1.0" 200 4481 "-" "Mozilla/4.0 (compatible; MSIE 7.0; Windows NT 6.0)" "-"
193.106.31.130 - - [06/Feb/2021:08:31:08 +0100] "POST /administrator/index.php HTTP/1.0" 200 4481 "-" "Mozilla/4.0 (compatible; MSIE 7.0; Windows NT 6.0)" "-"
193.106.31.130 - - [06/Feb/2021:08:31:09 +0100] "POST /administrator/index.php HTTP/1.0" 200 4481 "-" "Mozilla/4.0 (compatible; MSIE 7.0; Windows NT 6.0)" "-"
193.106.31.130 - - [06/Feb/2021:08:31:18 +0100] "POST /administrator/index.php HTTP/1.0" 200 4481 "-" "Mozilla/4.0 (compatible; MSIE 7.0; Windows NT 6.0)" "-"
193.106.31.130 - - [06/Feb/2021:12:01:42 +0100] "POST /administrator/index.php HTTP/1.0" 200 4481 "-" "Mozilla/4.0 (compatible; MSIE 7.0; Windows NT 6.0)" "-"
193.106.31.130 - - [06/Feb/2021:12:01:54 +0100] "POST /administrator/index.php HTTP/1.0" 200 4481 "-" "Mozilla/4.0 (compatible; MSIE 7.0; Windows NT 6.0)" "-"
42.236.10.93 - - [06/Feb/2021:14:00:45 +0100] "GET /images/bg_raith.jpg HTTP/1.1" 200 329961 "http://almhuette-raith.at/templates/jp_hotel/css/template.css" "Mozilla/5.0 (Linux; U; Android 8.1.0; zh-CN; EML-AL00 Build/HUAWEIEML-AL00) AppleWebKit/537.36 (KHTML, like Gecko) Version/4.0 Chrome/57.0.2987.108 baidu.sogo.uc.UCBrowser/11.9.4.974 UWS/2.13.1.48 Mobile Safari/537.36 AliApp(DingTalk/4.5.11) com.alibaba.android.rimet/10487439 Channel/227200 language/zh-CN" "-"
193.106.31.130 - - [06/Feb/2021:15:31:02 +0100] "POST /administrator/index.php HTTP/1.0" 200 4481 "-" "Mozilla/4.0 (compatible; MSIE 7.0; Windows NT 6.0)" "-"
193.106.31.130 - - [06/Feb/2021:15:31:08 +0100] "POST /administrator/index.php HTTP/1.0" 200 4481 "-" "Mozilla/4.0 (compatible; MSIE 7.0; Windows NT 6.0)" "-"
193.106.31.130 - - [06/Feb/2021:15:31:22 +0100] "POST /administrator/index.php HTTP/1.0" 200 4481 "-" "Mozilla/4.0 (compatible; MSIE 7.0; Windows NT 6.0)" "-"
180.16.9.7 - - [06/Feb/2021:17:24:47 +0100] "GET /images/stories/raith/wohnung_2_web.jpg HTTP/1.1" 200 87352 "http://www.almhuette-raith.at/index.php?option=com_content&view=article&id=50&Itemid=56" "Mozilla/5.0 (Windows NT 10.0; Win64; x64) AppleWebKit/537.36 (KHTML, like Gecko) Chrome/88.0.4324.146 Safari/537.36" "-"
193.106.31.130 - - [06/Feb/2021:19:03:02 +0100] "POST /administrator/index.php HTTP/1.0" 200 4481 "-" "Mozilla/4.0 (compatible; MSIE 7.0; Windows NT 6.0)" "-"
193.106.31.130 - - [06/Feb/2021:19:03:05 +0100] "POST /administrator/index.php HTTP/1.0" 200 4481 "-" "Mozilla/4.0 (compatible; MSIE 7.0; Windows NT 6.0)" "-"
193.106.31.130 - - [06/Feb/2021:19:03:21 +0100] "POST /administrator/index.php HTTP/1.0" 200 4481 "-" "Mozilla/4.0 (compatible; MSIE 7.0; Windows NT 6.0)" "-"
193.106.31.130 - - [06/Feb/2021:19:03:25 +0100] "POST /administrator/index.php HTTP/1.0" 200 4481 "-" "Mozilla/4.0 (compatible; MSIE 7.0; Windows NT 6.0)" "-"
193.106.31.130 - - [06/Feb/2021:22:34:39 +0100] "POST /administrator/index.php HTTP/1.0" 200 4481 "-" "Mozilla/4.0 (compatible; MSIE 7.0; Windows NT 6.0)" "-"
193.106.31.130 - - [06/Feb/2021:22:34:51 +0100] "POST /administrator/index.php HTTP/1.0" 200 4481 "-" "Mozilla/4.0 (compatible; MSIE 7.0; Windows NT 6.0)" "-"
193.106.31.130 - - [06/Feb/2021:22:35:00 +0100] "POST /administrator/index.php HTTP/1.0" 200 4481 "-" "Mozilla/4.0 (compatible; MSIE 7.0; Windows NT 6.0)" "-"
193.106.31.130 - - [06/Feb/2021:22:35:14 +0100] "POST /administrator/index.php HTTP/1.0" 200 4481 "-" "Mozilla/4.0 (compatible; MSIE 7.0; Windows NT 6.0)" "-"
193.106.31.130 - - [07/Feb/2021:02:05:45 +0100] "POST /administrator/index.php HTTP/1.0" 200 4481 "-" "Mozilla/4.0 (compatible; MSIE 7.0; Windows NT 6.0)" "-"
193.106.31.130 - - [07/Feb/2021:02:05:47 +0100] "POST /administrator/index.php HTTP/1.0" 200 4481 "-" "Mozilla/4.0 (compatible; MSIE 7.0; Windows NT 6.0)" "-"
193.106.31.130 - - [07/Feb/2021:02:05:55 +0100] "POST /administrator/index.php HTTP/1.0" 200 4481 "-" "Mozilla/4.0 (compatible; MSIE 7.0; Windows NT 6.0)" "-"
193.106.31.130 - - [07/Feb/2021:05:40:26 +0100] "POST /administrator/index.php HTTP/1.0" 200 4481 "-" "Mozilla/4.0 (compatible; MSIE 7.0; Windows NT 6.0)" "-"
193.106.31.130 - - [07/Feb/2021:12:47:32 +0100] "POST /administrator/index.php HTTP/1.0" 200 4481 "-" "Mozilla/4.0 (compatible; MSIE 7.0; Windows NT 6.0)" "-"
193.106.31.130 - - [07/Feb/2021:12:47:49 +0100] "POST /administrator/index.php HTTP/1.0" 200 4481 "-" "Mozilla/4.0 (compatible; MSIE 7.0; Windows NT 6.0)" "-"
193.106.31.130 - - [07/Feb/2021:16:21:00 +0100] "POST /administrator/index.php HTTP/1.0" 200 4481 "-" "Mozilla/4.0 (compatible; MSIE 7.0; Windows NT 6.0)" "-"
193.106.31.130 - - [07/Feb/2021:16:21:03 +0100] "POST /administrator/index.php HTTP/1.0" 200 4481 "-" "Mozilla/4.0 (compatible; MSIE 7.0; Windows NT 6.0)" "-"
193.106.31.130 - - [07/Feb/2021:16:21:06 +0100] "POST /administrator/index.php HTTP/1.0" 200 4481 "-" "Mozilla/4.0 (compatible; MSIE 7.0; Windows NT 6.0)" "-"
193.106.31.130 - - [07/Feb/2021:16:21:15 +0100] "POST /administrator/index.php HTTP/1.0" 200 4481 "-" "Mozilla/4.0 (compatible; MSIE 7.0; Windows NT 6.0)" "-"
193.106.31.130 - - [07/Feb/2021:16:21:17 +0100] "POST /administrator/index.php HTTP/1.0" 200 4481 "-" "Mozilla/4.0 (compatible; MSIE 7.0; Windows NT 6.0)" "-"
193.106.31.130 - - [07/Feb/2021:16:21:28 +0100] "POST /administrator/index.php HTTP/1.0" 200 4481 "-" "Mozilla/4.0 (compatible; MSIE 7.0; Windows NT 6.0)" "-"
63.32.57.155 - - [07/Feb/2021:17:58:12 +0100] "GET / HTTP/1.1" 200 10439 "-" "Mozilla/5.0 (Macintosh; Intel Mac OS X 10_15_6) AppleWebKit/537.36 (KHTML, like Gecko) Chrome/84.0.4147.105 Safari/537.36" "-"
193.106.31.130 - - [07/Feb/2021:19:56:38 +0100] "POST /administrator/index.php HTTP/1.0" 200 4481 "-" "Mozilla/4.0 (compatible; MSIE 7.0; Windows NT 6.0)" "-"
193.106.31.130 - - [07/Feb/2021:19:56:45 +0100] "POST /administrator/index.php HTTP/1.0" 200 4481 "-" "Mozilla/4.0 (compatible; MSIE 7.0; Windows NT 6.0)" "-"
193.106.31.130 - - [07/Feb/2021:19:57:00 +0100] "POST /administrator/index.php HTTP/1.0" 200 4481 "-" "Mozilla/4.0 (compatible; MSIE 7.0; Windows NT 6.0)" "-"
193.106.31.130 - - [07/Feb/2021:23:28:05 +0100] "POST /administrator/index.php HTTP/1.0" 200 4481 "-" "Mozilla/4.0 (compatible; MSIE 7.0; Windows NT 6.0)" "-"
193.106.31.130 - - [08/Feb/2021:02:57:50 +0100] "POST /administrator/index.php HTTP/1.0" 200 4481 "-" "Mozilla/4.0 (compatible; MSIE 7.0; Windows NT 6.0)" "-"
193.106.31.130 - - [08/Feb/2021:02:58:18 +0100] "POST /administrator/index.php HTTP/1.0" 200 4481 "-" "Mozilla/4.0 (compatible; MSIE 7.0; Windows NT 6.0)" "-"
193.106.31.130 - - [08/Feb/2021:02:58:26 +0100] "POST /administrator/index.php HTTP/1.0" 200 4481 "-" "Mozilla/4.0 (compatible; MSIE 7.0; Windows NT 6.0)" "-"
46.29.249.28 - - [08/Feb/2021:05:59:32 +0100] "GET / HTTP/1.0" 200 10466 "http://www.almhuette-raith.at" "Mozilla/5.0 (Windows NT 10.0; Win64; x64) AppleWebKit/537.36 (KHTML, like Gecko) Chrome/65.0.3325.181 Safari/537.36 OPR/52.0.2871.99" "-"
193.106.31.130 - - [08/Feb/2021:06:30:33 +0100] "POST /administrator/index.php HTTP/1.0" 200 4481 "-" "Mozilla/4.0 (compatible; MSIE 7.0; Windows NT 6.0)" "-"
193.106.31.130 - - [08/Feb/2021:06:30:42 +0100] "POST /administrator/index.php HTTP/1.0" 200 4481 "-" "Mozilla/4.0 (compatible; MSIE 7.0; Windows NT 6.0)" "-"
90.191.124.115 - - [08/Feb/2021:11:37:15 +0100] "GET /apache-log/access.log HTTP/1.1" 206 291 "-" "SpectX/v1.4.70-SNAPSHOT_2021-02-05_131309" "-"
213.142.96.32 - - [08/Feb/2021:11:45:34 +0100] "GET /modules/mod_bowslideshow/tmpl/css/bowslideshow.css HTTP/1.1" 200 1725 "http://www.almhuette-raith.at/" "Mozilla/5.0 (Macintosh; Intel Mac OS X 10_13_6) AppleWebKit/605.1.15 (KHTML, like Gecko) Version/13.1.2 Safari/605.1.15" "-"
188.54.18.36 - - [08/Feb/2021:12:17:19 +0100] "GET /media/system/js/mootools.js HTTP/1.1" 200 74434 "http://www.almhuette-raith.at/" "Mozilla/5.0 (Windows NT 10.0; Win64; x64) AppleWebKit/537.36 (KHTML, like Gecko) Chrome/88.0.4324.152 Safari/537.36" "-"
193.106.31.130 - - [08/Feb/2021:13:35:33 +0100] "POST /administrator/index.php HTTP/1.0" 200 4481 "-" "Mozilla/4.0 (compatible; MSIE 7.0; Windows NT 6.0)" "-"
193.106.31.130 - - [08/Feb/2021:13:35:54 +0100] "POST /administrator/index.php HTTP/1.0" 200 4481 "-" "Mozilla/4.0 (compatible; MSIE 7.0; Windows NT 6.0)" "-"
193.106.31.130 - - [08/Feb/2021:13:35:59 +0100] "POST /administrator/index.php HTTP/1.0" 200 4481 "-" "Mozilla/4.0 (compatible; MSIE 7.0; Windows NT 6.0)" "-"
193.106.31.130 - - [08/Feb/2021:13:36:00 +0100] "POST /administrator/index.php HTTP/1.0" 200 4481 "-" "Mozilla/4.0 (compatible; MSIE 7.0; Windows NT 6.0)" "-"
193.106.31.130 - - [08/Feb/2021:13:36:02 +0100] "POST /administrator/index.php HTTP/1.0" 200 4481 "-" "Mozilla/4.0 (compatible; MSIE 7.0; Windows NT 6.0)" "-"
193.106.31.130 - - [08/Feb/2021:17:09:47 +0100] "POST /administrator/index.php HTTP/1.0" 200 4481 "-" "Mozilla/4.0 (compatible; MSIE 7.0; Windows NT 6.0)" "-"
193.9.114.182 - - [08/Feb/2021:18:33:33 +0100] "POST /administrator/index.php HTTP/1.0" 200 4481 "-" "Mozilla/5.0 (Windows NT 6.1) AppleWebKit/537.36 (KHTML, like Gecko) Chrome/45.0.2454.85 Safari/537.36 OPR/32.0.1948.45" "-"
193.106.31.130 - - [09/Feb/2021:00:15:44 +0100] "POST /administrator/index.php HTTP/1.0" 200 4481 "-" "Mozilla/4.0 (compatible; MSIE 7.0; Windows NT 6.0)" "-"
193.106.31.130 - - [09/Feb/2021:00:15:52 +0100] "POST /administrator/index.php HTTP/1.0" 200 4481 "-" "Mozilla/4.0 (compatible; MSIE 7.0; Windows NT 6.0)" "-"
193.106.31.130 - - [09/Feb/2021:00:15:55 +0100] "POST /administrator/index.php HTTP/1.0" 200 4481 "-" "Mozilla/4.0 (compatible; MSIE 7.0; Windows NT 6.0)" "-"
193.106.31.130 - - [09/Feb/2021:00:15:59 +0100] "POST /administrator/index.php HTTP/1.0" 200 4481 "-" "Mozilla/4.0 (compatible; MSIE 7.0; Windows NT 6.0)" "-"
193.106.31.130 - - [09/Feb/2021:07:21:35 +0100] "POST /administrator/index.php HTTP/1.0" 200 4481 "-" "Mozilla/4.0 (compatible; MSIE 7.0; Windows NT 6.0)" "-"
193.106.31.130 - - [09/Feb/2021:07:21:57 +0100] "POST /administrator/index.php HTTP/1.0" 200 4481 "-" "Mozilla/4.0 (compatible; MSIE 7.0; Windows NT 6.0)" "-"
193.106.31.130 - - [09/Feb/2021:10:51:48 +0100] "POST /administrator/index.php HTTP/1.0" 200 4481 "-" "Mozilla/4.0 (compatible; MSIE 7.0; Windows NT 6.0)" "-"
193.106.31.130 - - [09/Feb/2021:10:52:08 +0100] "POST /administrator/index.php HTTP/1.0" 200 4481 "-" "Mozilla/4.0 (compatible; MSIE 7.0; Windows NT 6.0)" "-"
193.106.31.130 - - [09/Feb/2021:10:52:10 +0100] "POST /administrator/index.php HTTP/1.0" 200 4481 "-" "Mozilla/4.0 (compatible; MSIE 7.0; Windows NT 6.0)" "-"
193.106.31.130 - - [09/Feb/2021:14:24:10 +0100] "POST /administrator/index.php HTTP/1.0" 200 4481 "-" "Mozilla/4.0 (compatible; MSIE 7.0; Windows NT 6.0)" "-"
193.106.31.130 - - [09/Feb/2021:14:24:11 +0100] "POST /administrator/index.php HTTP/1.0" 200 4481 "-" "Mozilla/4.0 (compatible; MSIE 7.0; Windows NT 6.0)" "-"
193.106.31.130 - - [09/Feb/2021:14:24:13 +0100] "POST /administrator/index.php HTTP/1.0" 200 4481 "-" "Mozilla/4.0 (compatible; MSIE 7.0; Windows NT 6.0)" "-"
193.106.31.130 - - [09/Feb/2021:14:24:17 +0100] "POST /administrator/index.php HTTP/1.0" 200 4481 "-" "Mozilla/4.0 (compatible; MSIE 7.0; Windows NT 6.0)" "-"
193.106.31.130 - - [09/Feb/2021:14:24:20 +0100] "POST /administrator/index.php HTTP/1.0" 200 4481 "-" "Mozilla/4.0 (compatible; MSIE 7.0; Windows NT 6.0)" "-"
193.106.31.130 - - [09/Feb/2021:14:24:28 +0100] "POST /administrator/index.php HTTP/1.0" 200 4481 "-" "Mozilla/4.0 (compatible; MSIE 7.0; Windows NT 6.0)" "-"
193.106.31.130 - - [09/Feb/2021:14:24:29 +0100] "POST /administrator/index.php HTTP/1.0" 200 4481 "-" "Mozilla/4.0 (compatible; MSIE 7.0; Windows NT 6.0)" "-"
176.188.224.166 - - [09/Feb/2021:15:39:18 +0100] "GET /images/stories/slideshow/almhuette_raith_06.jpg HTTP/1.1" 200 68977 "http://www.almhuette-raith.at/" "Mozilla/5.0 (Windows NT 10.0; Win64; x64) AppleWebKit/537.36 (KHTML, like Gecko) Chrome/88.0.4324.152 Safari/537.36" "-"
193.106.31.130 - - [09/Feb/2021:17:54:17 +0100] "POST /administrator/index.php HTTP/1.0" 200 4481 "-" "Mozilla/4.0 (compatible; MSIE 7.0; Windows NT 6.0)" "-"
90.32.52.177 - - [09/Feb/2021:18:32:03 +0100] "GET /images/stories/raith/wohnraum.jpg HTTP/1.1" 200 43586 "http://www.almhuette-raith.at/" "Mozilla/5.0 (X11; Ubuntu; Linux x86_64; rv:85.0) Gecko/20100101 Firefox/85.0" "-"
95.0.66.97 - - [09/Feb/2021:20:04:14 +0100] "GET /apache-log/access.log HTTP/1.1" 200 55480 "http://www.almhuette-raith.at/apache-log/access.log" "Mozilla/5.0 (Windows NT 10.0; WOW64; Rv:50.0) Gecko/20100101 Firefox/50.0" "-"
185.17.13.111 - - [09/Feb/2021:20:05:02 +0100] "GET /media/system/css/modal.css HTTP/1.1" 200 1159 "http://www.almhuette-raith.at/index.php?option=com_phocagallery&view=category&id=4:ferienwohnung2&Itemid=53" "Mozilla/5.0 (Linux; Android 9; KFMAWI) AppleWebKit/537.36 (KHTML, like Gecko) Silk/87.2.9 like Chrome/87.0.4280.141 Safari/537.36" "-"
176.188.224.166 - - [09/Feb/2021:21:12:09 +0100] "GET /templates/jp_hotel/js/moomenu.js HTTP/1.1" 200 4890 "http://www.almhuette-raith.at/" "Mozilla/5.0 (Windows NT 10.0; Win64; x64) AppleWebKit/537.36 (KHTML, like Gecko) Chrome/88.0.4324.152 Safari/537.36" "-"
193.106.31.130 - - [09/Feb/2021:21:26:44 +0100] "POST /administrator/index.php HTTP/1.0" 200 4481 "-" "Mozilla/4.0 (compatible; MSIE 7.0; Windows NT 6.0)" "-"
193.106.31.130 - - [09/Feb/2021:21:26:54 +0100] "POST /administrator/index.php HTTP/1.0" 200 4481 "-" "Mozilla/4.0 (compatible; MSIE 7.0; Windows NT 6.0)" "-"
193.106.31.130 - - [09/Feb/2021:21:27:00 +0100] "POST /administrator/index.php HTTP/1.0" 200 4481 "-" "Mozilla/4.0 (compatible; MSIE 7.0; Windows NT 6.0)" "-"
193.106.31.130 - - [09/Feb/2021:21:27:14 +0100] "POST /administrator/index.php HTTP/1.0" 200 4481 "-" "Mozilla/4.0 (compatible; MSIE 7.0; Windows NT 6.0)" "-"
23.82.80.196 - - [09/Feb/2021:22:13:11 +0100] "GET /index.php?option=com_easyblog&view=dashboard&layout=write HTTP/1.1" 404 1397 "http://www.almhuette-raith.at" "Mozilla/5.0 (Macintosh; Intel Mac OS X 10_7_3) AppleWebKit/[WEBKIT_VERSION] (KHTML, like Gecko, Mediapartners-Google) Chrome/[CHROME_VERSION] Safari/[WEBKIT_VERSION]" "-"
193.106.31.130 - - [10/Feb/2021:00:55:02 +0100] "POST /administrator/index.php HTTP/1.0" 200 4481 "-" "Mozilla/4.0 (compatible; MSIE 7.0; Windows NT 6.0)" "-"
193.106.31.130 - - [10/Feb/2021:00:55:31 +0100] "POST /administrator/index.php HTTP/1.0" 200 4481 "-" "Mozilla/4.0 (compatible; MSIE 7.0; Windows NT 6.0)" "-"
27.115.124.6 - - [10/Feb/2021:13:30:23 +0100] "GET /images/bg_raith.jpg HTTP/1.1" 200 329961 "http://almhuette-raith.at/templates/jp_hotel/css/template.css" "Mozilla/5.0 (Linux; U; Android 8.1.0; zh-CN; EML-AL00 Build/HUAWEIEML-AL00) AppleWebKit/537.36 (KHTML, like Gecko) Version/4.0 Chrome/57.0.2987.108 baidu.sogo.uc.UCBrowser/11.9.4.974 UWS/2.13.1.48 Mobile Safari/537.36 AliApp(DingTalk/4.5.11) com.alibaba.android.rimet/10487439 Channel/227200 language/zh-CN" "-"
89.104.16.17 - - [10/Feb/2021:14:28:24 +0100] "GET /images/phocagallery/Ferienwohnung_2/thumbs/phoca_thumb_m_6_wc.jpg HTTP/1.1" 200 2697 "http://www.almhuette-raith.at/index.php?option=com_phocagallery&view=category&id=4:ferienwohnung2&Itemid=53" "Mozilla/5.0 (Windows NT 6.1; Win64; x64; rv:85.0) Gecko/20100101 Firefox/85.0" "-"
89.104.16.17 - - [10/Feb/2021:14:28:24 +0100] "GET /components/com_phocagallery/assets/js/shadowbox/src/skin/classic/icons/play.png HTTP/1.1" 200 211 "http://www.almhuette-raith.at/components/com_phocagallery/assets/js/shadowbox/src/skin/classic/skin.css" "Mozilla/5.0 (Windows NT 6.1; Win64; x64; rv:85.0) Gecko/20100101 Firefox/85.0" "-"
42.110.154.133 - - [10/Feb/2021:20:00:13 +0100] "GET /apache-log/access.log HTTP/1.1" 200 9772416 "-" "Mozilla/5.0 (iPhone; CPU iPhone OS 14_4 like Mac OS X) AppleWebKit/605.1.15 (KHTML, like Gecko) Version/14.0.3 Mobile/15E148 Safari/604.1" "-"
213.225.33.200 - - [10/Feb/2021:20:21:05 +0100] "GET /images/phocagallery/almhuette/thumbs/phoca_thumb_m_almhuette_raith_001.jpg HTTP/1.1" 200 4451 "http://almhuette-raith.at/index.php?option=com_phocagallery&view=category&id=1&Itemid=53" "Mozilla/5.0 (iPhone; CPU iPhone OS 12_5_1 like Mac OS X) AppleWebKit/605.1.15 (KHTML, like Gecko) Version/12.1.2 Mobile/15E148 Safari/604.1" "-"
213.225.33.200 - - [10/Feb/2021:20:21:05 +0100] "GET /favicon.ico HTTP/1.1" 404 217 "http://almhuette-raith.at/index.php?option=com_phocagallery&view=category&id=1&Itemid=53" "Mozilla/5.0 (iPhone; CPU iPhone OS 12_5_1 like Mac OS X) AppleWebKit/605.1.15 (KHTML, like Gecko) Version/12.1.2 Mobile/15E148 Safari/604.1" "-"
193.106.31.130 - - [10/Feb/2021:21:33:26 +0100] "POST /administrator/index.php HTTP/1.0" 200 4481 "-" "Mozilla/4.0 (compatible; MSIE 7.0; Windows NT 6.0)" "-"
193.106.31.130 - - [10/Feb/2021:21:33:31 +0100] "POST /administrator/index.php HTTP/1.0" 200 4481 "-" "Mozilla/4.0 (compatible; MSIE 7.0; Windows NT 6.0)" "-"
193.106.31.130 - - [10/Feb/2021:21:33:39 +0100] "POST /administrator/index.php HTTP/1.0" 200 4481 "-" "Mozilla/4.0 (compatible; MSIE 7.0; Windows NT 6.0)" "-"
193.106.31.130 - - [10/Feb/2021:21:33:41 +0100] "POST /administrator/index.php HTTP/1.0" 200 4481 "-" "Mozilla/4.0 (compatible; MSIE 7.0; Windows NT 6.0)" "-"
193.106.31.130 - - [10/Feb/2021:21:33:46 +0100] "POST /administrator/index.php HTTP/1.0" 200 4481 "-" "Mozilla/4.0 (compatible; MSIE 7.0; Windows NT 6.0)" "-"
193.106.31.130 - - [10/Feb/2021:21:33:56 +0100] "POST /administrator/index.php HTTP/1.0" 200 4481 "-" "Mozilla/4.0 (compatible; MSIE 7.0; Windows NT 6.0)" "-"
193.106.31.130 - - [10/Feb/2021:21:34:03 +0100] "POST /administrator/index.php HTTP/1.0" 200 4481 "-" "Mozilla/4.0 (compatible; MSIE 7.0; Windows NT 6.0)" "-"
104.144.91.110 - - [10/Feb/2021:23:23:45 +0100] "GET / HTTP/1.0" 200 10466 "http://www.almhuette-raith.at" "Mozilla/5.0 (Windows NT 10.0; WOW64) AppleWebKit/537.36 (KHTML, like Gecko) Chrome/61.0.3163.79 Safari/537.36 Maxthon/5.2.3.2000" "-"
192.71.30.89 - - [10/Feb/2021:23:36:29 +0100] "GET / HTTP/1.1" 200 10439 "-" "Mozilla/5.0 (X11; Ubuntu; Linux x86_64; rv:15.0) Gecko/20100101 Firefox/15.0.1" "-"
42.236.10.113 - - [11/Feb/2021:00:35:59 +0100] "GET / HTTP/1.1" 200 10479 "http://www.almhuette-raith.at/" "Mozilla/5.0 (Windows NT 6.1; WOW64) AppleWebKit/537.36 (KHTML, like Gecko) Chrome/50.4.2661.102 Safari/537.36; 360Spider" "-"
193.106.31.130 - - [11/Feb/2021:01:15:57 +0100] "POST /administrator/index.php HTTP/1.0" 200 4481 "-" "Mozilla/4.0 (compatible; MSIE 7.0; Windows NT 6.0)" "-"
193.106.31.130 - - [11/Feb/2021:05:04:23 +0100] "POST /administrator/index.php HTTP/1.0" 200 4481 "-" "Mozilla/4.0 (compatible; MSIE 7.0; Windows NT 6.0)" "-"
193.106.31.130 - - [11/Feb/2021:05:04:38 +0100] "POST /administrator/index.php HTTP/1.0" 200 4481 "-" "Mozilla/4.0 (compatible; MSIE 7.0; Windows NT 6.0)" "-"
193.106.31.130 - - [11/Feb/2021:08:49:54 +0100] "POST /administrator/index.php HTTP/1.0" 200 4481 "-" "Mozilla/4.0 (compatible; MSIE 7.0; Windows NT 6.0)" "-"
193.106.31.130 - - [11/Feb/2021:08:49:59 +0100] "POST /administrator/index.php HTTP/1.0" 200 4481 "-" "Mozilla/4.0 (compatible; MSIE 7.0; Windows NT 6.0)" "-"
193.106.31.130 - - [11/Feb/2021:08:50:23 +0100] "POST /administrator/index.php HTTP/1.0" 200 4481 "-" "Mozilla/4.0 (compatible; MSIE 7.0; Windows NT 6.0)" "-"
193.106.31.130 - - [11/Feb/2021:08:50:30 +0100] "POST /administrator/index.php HTTP/1.0" 200 4481 "-" "Mozilla/4.0 (compatible; MSIE 7.0; Windows NT 6.0)" "-"
37.204.77.140 - - [11/Feb/2021:11:53:02 +0100] "GET /apache-log/access.log HTTP/1.1" 200 35208 "-" "curl/7.74.0" "-"
193.106.31.130 - - [11/Feb/2021:12:40:30 +0100] "POST /administrator/index.php HTTP/1.0" 200 4481 "-" "Mozilla/4.0 (compatible; MSIE 7.0; Windows NT 6.0)" "-"
193.106.31.130 - - [11/Feb/2021:12:40:41 +0100] "POST /administrator/index.php HTTP/1.0" 200 4481 "-" "Mozilla/4.0 (compatible; MSIE 7.0; Windows NT 6.0)" "-"
178.159.37.104 - - [11/Feb/2021:16:21:29 +0100] "GET / HTTP/1.1" 200 10479 "https://rental-power.com.ua/generators/" "Mozilla/4.0 (compatible; MSIE 6.0; Windows NT 5.1; SV1; .NET CLR 1.1.4322)" "-"
193.106.31.130 - - [11/Feb/2021:16:46:13 +0100] "POST /administrator/index.php HTTP/1.0" 200 4481 "-" "Mozilla/4.0 (compatible; MSIE 7.0; Windows NT 6.0)" "-"
193.106.31.130 - - [11/Feb/2021:16:46:17 +0100] "POST /administrator/index.php HTTP/1.0" 200 4481 "-" "Mozilla/4.0 (compatible; MSIE 7.0; Windows NT 6.0)" "-"
193.106.31.130 - - [11/Feb/2021:16:46:34 +0100] "POST /administrator/index.php HTTP/1.0" 200 4481 "-" "Mozilla/4.0 (compatible; MSIE 7.0; Windows NT 6.0)" "-"
195.2.92.46 - - [11/Feb/2021:17:06:24 +0100] "GET /index.php?option=com_easyblog&view=dashboard&layout=write HTTP/1.1" 404 1397 "http://www.almhuette-raith.at" "Mozilla/5.0 (Windows NT 10.0; Win64; x64) AppleWebKit/537.36 (KHTML, like Gecko) Chrome/65.0.3325.181 Safari/537.36 OPR/52.0.2871.99" "-"
107.152.139.212 - - [11/Feb/2021:18:03:56 +0100] "GET /index.php?option=com_easyblog&view=dashboard&layout=write HTTP/1.1" 404 1397 "http://www.almhuette-raith.at" "Mozilla/5.0 (Windows NT 10.0; Win64; x64) AppleWebKit/537.36 (KHTML, like Gecko) Chrome/65.0.3325.183 Safari/537.36 Vivaldi/1.97.1182.8" "-"
62.138.3.52 - - [11/Feb/2021:18:20:15 +0100] "GET /index.php?option=com_phocagallery&view=category&id=4:ferienwohnung2&Itemid=53 HTTP/1.1" 200 16730 "-" "Mozilla/5.0 (X11; Linux x86_64; rv:81.0) Gecko/20100101 Firefox/81.0" "-"
193.106.31.130 - - [12/Feb/2021:04:51:57 +0100] "POST /administrator/index.php HTTP/1.0" 200 4481 "-" "Mozilla/4.0 (compatible; MSIE 7.0; Windows NT 6.0)" "-"
193.106.31.130 - - [12/Feb/2021:04:52:00 +0100] "POST /administrator/index.php HTTP/1.0" 200 4481 "-" "Mozilla/4.0 (compatible; MSIE 7.0; Windows NT 6.0)" "-"
193.106.31.130 - - [12/Feb/2021:04:52:07 +0100] "POST /administrator/index.php HTTP/1.0" 200 4481 "-" "Mozilla/4.0 (compatible; MSIE 7.0; Windows NT 6.0)" "-"
193.106.31.130 - - [12/Feb/2021:04:52:31 +0100] "POST /administrator/index.php HTTP/1.0" 200 4481 "-" "Mozilla/4.0 (compatible; MSIE 7.0; Windows NT 6.0)" "-"
62.138.2.160 - - [12/Feb/2021:05:08:32 +0100] "GET /images/phocagallery/thumbs/phoca_thumb_l_winterfoto%204.jpg HTTP/1.1" 200 89644 "-" "Mozilla/5.0 (compatible; adscanner/)/1.0 (Mozilla/5.0 (compatible; seoscanners.net/1.0; +spider@seoscanners.net); http://seoscanners.net; spider@seoscanners.net)" "-"
85.25.185.196 - - [12/Feb/2021:05:08:33 +0100] "GET /images/phocagallery/thumbs/phoca_thumb_m_winterfoto%207.jpg HTTP/1.1" 200 2896 "-" "Mozilla/5.0 (compatible; adscanner/)/1.0 (Mozilla/5.0 (compatible; seoscanners.net/1.0; +spider@seoscanners.net); http://seoscanners.net; spider@seoscanners.net)" "-"
49.205.244.253 - - [12/Feb/2021:08:40:52 +0100] "GET /favicon.ico HTTP/1.1" 404 217 "http://www.almhuette-raith.at/apache-log/access.log" "Mozilla/5.0 (Windows NT 10.0; Win64; x64) AppleWebKit/537.36 (KHTML, like Gecko) Chrome/88.0.4324.150 Safari/537.36 Edg/88.0.705.63" "-"
85.25.177.219 - - [12/Feb/2021:11:10:18 +0100] "GET /images/phocagallery/Ferienwohnung_2/thumbs/phoca_thumb_m_4_schlafzimmer.jpg HTTP/1.1" 200 3013 "-" "Mozilla/5.0 (compatible; adscanner/)/1.0 (Mozilla/5.0 (compatible; seoscanners.net/1.0; +spider@seoscanners.net); http://seoscanners.net; spider@seoscanners.net)" "-"
85.25.185.196 - - [12/Feb/2021:11:10:20 +0100] "GET /images/phocagallery/Ferienwohnung_2/thumbs/phoca_thumb_m_1_essecke.jpg HTTP/1.1" 200 3603 "-" "Mozilla/5.0 (compatible; adscanner/)/1.0 (Mozilla/5.0 (compatible; seoscanners.net/1.0; +spider@seoscanners.net); http://seoscanners.net; spider@seoscanners.net)" "-"
193.106.31.130 - - [12/Feb/2021:12:24:03 +0100] "POST /administrator/index.php HTTP/1.0" 200 4481 "-" "Mozilla/4.0 (compatible; MSIE 7.0; Windows NT 6.0)" "-"
193.106.31.130 - - [12/Feb/2021:12:24:20 +0100] "POST /administrator/index.php HTTP/1.0" 200 4481 "-" "Mozilla/4.0 (compatible; MSIE 7.0; Windows NT 6.0)" "-"
62.210.111.42 - - [12/Feb/2021:16:50:17 +0100] "GET / HTTP/1.1" 200 10479 "http://www.almhuette-raith.at" "Mozilla/5.0 (Windows NT 10.0; Win64; x64) AppleWebKit/537.36 (KHTML, like Gecko) Chrome/66.0.3359.106 Safari/537.36" "-"
46.125.249.3 - - [12/Feb/2021:19:50:44 +0100] "GET /images/phocagallery/almhuette/thumbs/phoca_thumb_m_almhuette_raith_002.jpg HTTP/1.1" 200 4084 "http://www.almhuette-raith.at/index.php?option=com_phocagallery&view=category&id=1&Itemid=53" "Mozilla/5.0 (Macintosh; Intel Mac OS X 10_10_5) AppleWebKit/603.3.8 (KHTML, like Gecko) Version/10.1.2 Safari/603.3.8" "-"
46.125.249.3 - - [12/Feb/2021:19:55:17 +0100] "GET /templates/_system/css/general.css HTTP/1.1" 404 239 "http://www.almhuette-raith.at/" "Mozilla/5.0 (Macintosh; Intel Mac OS X 10_10_5) AppleWebKit/603.3.8 (KHTML, like Gecko) Version/10.1.2 Safari/603.3.8" "-"
46.147.189.43 - - [12/Feb/2021:20:50:56 +0100] "GET /templates/jp_hotel/images/module_heading.gif HTTP/1.1" 200 83 "http://almhuette-raith.at/templates/jp_hotel/css/template.css" "Mozilla/5.0 (Windows NT 10.0; Win64; x64) AppleWebKit/537.36 (KHTML, like Gecko) Chrome/86.0.4240.185 YaBrowser/20.11.2.78 Yowser/2.5 Safari/537.36" "-"
193.106.31.130 - - [12/Feb/2021:20:51:54 +0100] "POST /administrator/index.php HTTP/1.0" 200 4481 "-" "Mozilla/4.0 (compatible; MSIE 7.0; Windows NT 6.0)" "-"
193.106.31.130 - - [12/Feb/2021:20:51:59 +0100] "POST /administrator/index.php HTTP/1.0" 200 4481 "-" "Mozilla/4.0 (compatible; MSIE 7.0; Windows NT 6.0)" "-"
193.106.31.130 - - [13/Feb/2021:00:50:07 +0100] "POST /administrator/index.php HTTP/1.0" 200 4481 "-" "Mozilla/4.0 (compatible; MSIE 7.0; Windows NT 6.0)" "-"
216.151.27.66 - - [13/Feb/2021:01:21:56 +0100] "GET / HTTP/1.1" 200 10439 "-" "Mozilla/5.0 zgrab/0.x" "-"
193.106.31.130 - - [13/Feb/2021:04:32:45 +0100] "POST /administrator/index.php HTTP/1.0" 200 4481 "-" "Mozilla/4.0 (compatible; MSIE 7.0; Windows NT 6.0)" "-"
193.106.31.130 - - [13/Feb/2021:04:32:50 +0100] "POST /administrator/index.php HTTP/1.0" 200 4481 "-" "Mozilla/4.0 (compatible; MSIE 7.0; Windows NT 6.0)" "-"
193.106.31.130 - - [13/Feb/2021:04:32:52 +0100] "POST /administrator/index.php HTTP/1.0" 200 4481 "-" "Mozilla/4.0 (compatible; MSIE 7.0; Windows NT 6.0)" "-"
193.106.31.130 - - [13/Feb/2021:04:33:03 +0100] "POST /administrator/index.php HTTP/1.0" 200 4481 "-" "Mozilla/4.0 (compatible; MSIE 7.0; Windows NT 6.0)" "-"
193.106.31.130 - - [13/Feb/2021:08:13:41 +0100] "POST /administrator/index.php HTTP/1.0" 200 4481 "-" "Mozilla/4.0 (compatible; MSIE 7.0; Windows NT 6.0)" "-"
193.106.31.130 - - [13/Feb/2021:08:13:44 +0100] "POST /administrator/index.php HTTP/1.0" 200 4481 "-" "Mozilla/4.0 (compatible; MSIE 7.0; Windows NT 6.0)" "-"
193.106.31.130 - - [13/Feb/2021:08:13:47 +0100] "POST /administrator/index.php HTTP/1.0" 200 4481 "-" "Mozilla/4.0 (compatible; MSIE 7.0; Windows NT 6.0)" "-"
193.106.31.130 - - [13/Feb/2021:08:13:53 +0100] "POST /administrator/index.php HTTP/1.0" 200 4481 "-" "Mozilla/4.0 (compatible; MSIE 7.0; Windows NT 6.0)" "-"
193.106.31.130 - - [13/Feb/2021:08:13:54 +0100] "POST /administrator/index.php HTTP/1.0" 200 4481 "-" "Mozilla/4.0 (compatible; MSIE 7.0; Windows NT 6.0)" "-"
62.138.3.52 - - [13/Feb/2021:10:55:54 +0100] "GET / HTTP/1.1" 200 10479 "-" "Mozilla/5.0 (X11; Linux x86_64; rv:81.0) Gecko/20100101 Firefox/81.0" "-"
193.106.31.130 - - [13/Feb/2021:16:16:56 +0100] "POST /administrator/index.php HTTP/1.0" 200 4481 "-" "Mozilla/4.0 (compatible; MSIE 7.0; Windows NT 6.0)" "-"
193.106.31.130 - - [13/Feb/2021:16:17:03 +0100] "POST /administrator/index.php HTTP/1.0" 200 4481 "-" "Mozilla/4.0 (compatible; MSIE 7.0; Windows NT 6.0)" "-"
193.106.31.130 - - [13/Feb/2021:20:42:51 +0100] "POST /administrator/index.php HTTP/1.0" 200 4481 "-" "Mozilla/4.0 (compatible; MSIE 7.0; Windows NT 6.0)" "-"
193.106.31.130 - - [13/Feb/2021:20:42:55 +0100] "POST /administrator/index.php HTTP/1.0" 200 4481 "-" "Mozilla/4.0 (compatible; MSIE 7.0; Windows NT 6.0)" "-"
193.106.31.130 - - [13/Feb/2021:20:43:35 +0100] "POST /administrator/index.php HTTP/1.0" 200 4481 "-" "Mozilla/4.0 (compatible; MSIE 7.0; Windows NT 6.0)" "-"
193.106.31.130 - - [13/Feb/2021:20:43:43 +0100] "POST /administrator/index.php HTTP/1.0" 200 4481 "-" "Mozilla/4.0 (compatible; MSIE 7.0; Windows NT 6.0)" "-"
193.106.31.130 - - [13/Feb/2021:20:43:50 +0100] "POST /administrator/index.php HTTP/1.0" 200 4481 "-" "Mozilla/4.0 (compatible; MSIE 7.0; Windows NT 6.0)" "-"
193.106.31.130 - - [14/Feb/2021:00:42:20 +0100] "POST /administrator/index.php HTTP/1.0" 200 4481 "-" "Mozilla/4.0 (compatible; MSIE 7.0; Windows NT 6.0)" "-"
193.106.31.130 - - [14/Feb/2021:00:42:27 +0100] "POST /administrator/index.php HTTP/1.0" 200 4481 "-" "Mozilla/4.0 (compatible; MSIE 7.0; Windows NT 6.0)" "-"
193.106.31.130 - - [14/Feb/2021:00:42:34 +0100] "POST /administrator/index.php HTTP/1.0" 200 4481 "-" "Mozilla/4.0 (compatible; MSIE 7.0; Windows NT 6.0)" "-"
193.106.31.130 - - [14/Feb/2021:00:42:48 +0100] "POST /administrator/index.php HTTP/1.0" 200 4481 "-" "Mozilla/4.0 (compatible; MSIE 7.0; Windows NT 6.0)" "-"
193.106.31.130 - - [14/Feb/2021:00:42:49 +0100] "POST /administrator/index.php HTTP/1.0" 200 4481 "-" "Mozilla/4.0 (compatible; MSIE 7.0; Windows NT 6.0)" "-"
3.135.244.143 - - [14/Feb/2021:03:03:37 +0100] "POST /administrator/index.php HTTP/1.1" 200 4498 "-" "Mozilla/4.0 (compatible; Win32; WinHttp.WinHttpRequest.5)" "-"
3.135.244.143 - - [14/Feb/2021:03:03:47 +0100] "POST /administrator/index.php HTTP/1.1" 200 4498 "-" "Mozilla/4.0 (compatible; Win32; WinHttp.WinHttpRequest.5)" "-"
193.106.31.130 - - [14/Feb/2021:04:21:16 +0100] "POST /administrator/index.php HTTP/1.0" 200 4481 "-" "Mozilla/4.0 (compatible; MSIE 7.0; Windows NT 6.0)" "-"
193.106.31.130 - - [14/Feb/2021:11:59:26 +0100] "POST /administrator/index.php HTTP/1.0" 200 4481 "-" "Mozilla/4.0 (compatible; MSIE 7.0; Windows NT 6.0)" "-"
193.106.31.130 - - [14/Feb/2021:11:59:38 +0100] "POST /administrator/index.php HTTP/1.0" 200 4481 "-" "Mozilla/4.0 (compatible; MSIE 7.0; Windows NT 6.0)" "-"
193.106.31.130 - - [14/Feb/2021:11:59:42 +0100] "POST /administrator/index.php HTTP/1.0" 200 4481 "-" "Mozilla/4.0 (compatible; MSIE 7.0; Windows NT 6.0)" "-"
193.106.31.130 - - [14/Feb/2021:11:59:54 +0100] "POST /administrator/index.php HTTP/1.0" 200 4481 "-" "Mozilla/4.0 (compatible; MSIE 7.0; Windows NT 6.0)" "-"
193.106.31.130 - - [14/Feb/2021:16:12:00 +0100] "POST /administrator/index.php HTTP/1.0" 200 4481 "-" "Mozilla/4.0 (compatible; MSIE 7.0; Windows NT 6.0)" "-"
193.106.31.130 - - [14/Feb/2021:16:12:21 +0100] "POST /administrator/index.php HTTP/1.0" 200 4481 "-" "Mozilla/4.0 (compatible; MSIE 7.0; Windows NT 6.0)" "-"
193.106.31.130 - - [14/Feb/2021:16:12:22 +0100] "POST /administrator/index.php HTTP/1.0" 200 4481 "-" "Mozilla/4.0 (compatible; MSIE 7.0; Windows NT 6.0)" "-"
85.84.110.218 - - [14/Feb/2021:17:45:26 +0100] "GET /favicon.ico HTTP/1.1" 404 217 "http://www.almhuette-raith.at/apache-log/access.log" "Mozilla/5.0 (X11; Linux x86_64; rv:85.0) Gecko/20100101 Firefox/85.0" "-"
193.154.78.92 - - [14/Feb/2021:19:12:27 +0100] "GET /components/com_phocagallery/assets/js/shadowbox/src/skin/classic/icons/play.png HTTP/1.1" 200 211 "http://www.almhuette-raith.at/components/com_phocagallery/assets/js/shadowbox/src/skin/classic/skin.css" "Mozilla/5.0 (Windows NT 10.0; Win64; x64) AppleWebKit/537.36 (KHTML, like Gecko) Chrome/88.0.4324.150 Safari/537.36" "-"
193.154.78.92 - - [14/Feb/2021:19:12:47 +0100] "GET /images/stories/raith/wohnung_2_web.jpg HTTP/1.1" 200 87352 "http://www.almhuette-raith.at/index.php?option=com_content&view=article&id=50&Itemid=56" "Mozilla/5.0 (Windows NT 10.0; Win64; x64) AppleWebKit/537.36 (KHTML, like Gecko) Chrome/88.0.4324.150 Safari/537.36" "-"
193.106.31.130 - - [14/Feb/2021:20:12:13 +0100] "POST /administrator/index.php HTTP/1.0" 200 4481 "-" "Mozilla/4.0 (compatible; MSIE 7.0; Windows NT 6.0)" "-"
85.84.245.143 - - [15/Feb/2021:00:15:51 +0100] "GET /favicon.ico HTTP/1.1" 404 217 "-" "Mozilla/5.0 (X11; Linux x86_64; rv:78.0) Gecko/20100101 Firefox/78.0" "-"
193.106.31.130 - - [15/Feb/2021:03:27:22 +0100] "POST /administrator/index.php HTTP/1.0" 200 4481 "-" "Mozilla/4.0 (compatible; MSIE 7.0; Windows NT 6.0)" "-"
193.106.31.130 - - [15/Feb/2021:03:27:45 +0100] "POST /administrator/index.php HTTP/1.0" 200 4481 "-" "Mozilla/4.0 (compatible; MSIE 7.0; Windows NT 6.0)" "-"
193.106.31.130 - - [15/Feb/2021:07:08:46 +0100] "POST /administrator/index.php HTTP/1.0" 200 4481 "-" "Mozilla/4.0 (compatible; MSIE 7.0; Windows NT 6.0)" "-"
